Component: ARM Compiler 5.06 update 7 (build 960) Tool: armlink [4d3601]

==============================================================================

Section Cross References

    startup_stm32f401xc.o(RESET) refers to startup_stm32f401xc.o(STACK) for __initial_sp
    startup_stm32f401xc.o(RESET) refers to startup_stm32f401xc.o(.text) for Reset_Handler
    startup_stm32f401xc.o(RESET) refers to stm32f4xx_it.o(i.NMI_Handler) for NMI_Handler
    startup_stm32f401xc.o(RESET) refers to stm32f4xx_it.o(i.HardFault_Handler) for HardFault_Handler
    startup_stm32f401xc.o(RESET) refers to stm32f4xx_it.o(i.MemManage_Handler) for MemManage_Handler
    startup_stm32f401xc.o(RESET) refers to stm32f4xx_it.o(i.BusFault_Handler) for BusFault_Handler
    startup_stm32f401xc.o(RESET) refers to stm32f4xx_it.o(i.UsageFault_Handler) for UsageFault_Handler
    startup_stm32f401xc.o(RESET) refers to port.o(.emb_text) for SVC_Handler
    startup_stm32f401xc.o(RESET) refers to stm32f4xx_it.o(i.DebugMon_Handler) for DebugMon_Handler
    startup_stm32f401xc.o(RESET) refers to cmsis_os2.o(i.SysTick_Handler) for SysTick_Handler
    startup_stm32f401xc.o(RESET) refers to stm32f4xx_it.o(i.EXTI3_IRQHandler) for EXTI3_IRQHandler
    startup_stm32f401xc.o(RESET) refers to stm32f4xx_it.o(i.EXTI4_IRQHandler) for EXTI4_IRQHandler
    startup_stm32f401xc.o(RESET) refers to main.o(i.TIM1_TRG_COM_TIM11_IRQHandler) for TIM1_TRG_COM_TIM11_IRQHandler
    startup_stm32f401xc.o(RESET) refers to stm32f4xx_it.o(i.TIM2_IRQHandler) for TIM2_IRQHandler
    startup_stm32f401xc.o(RESET) refers to delay10us.o(i.TIM3_IRQHandler) for TIM3_IRQHandler
    startup_stm32f401xc.o(RESET) refers to stm32f4xx_it.o(i.USART1_IRQHandler) for USART1_IRQHandler
    startup_stm32f401xc.o(RESET) refers to stm32f4xx_it.o(i.DMA2_Stream0_IRQHandler) for DMA2_Stream0_IRQHandler
    startup_stm32f401xc.o(.text) refers to system_stm32f4xx.o(i.SystemInit) for SystemInit
    startup_stm32f401xc.o(.text) refers to entry.o(.ARM.Collect$$$$00000000) for __main
    delay10us.o(i.Delay_100us) refers to tasks.o(i.xTaskGetCurrentTaskHandle) for xTaskGetCurrentTaskHandle
    delay10us.o(i.Delay_100us) refers to port.o(i.vPortEnterCritical) for vPortEnterCritical
    delay10us.o(i.Delay_100us) refers to port.o(i.vPortExitCritical) for vPortExitCritical
    delay10us.o(i.Delay_100us) refers to tasks.o(i.ulTaskNotifyTake) for ulTaskNotifyTake
    delay10us.o(i.Delay_100us) refers to delay10us.o(.bss) for .bss
    delay10us.o(i.Delay_100usInit) refers to delay10us.o(.bss) for .bss
    delay10us.o(i.TIM3_IRQHandler) refers to tasks.o(i.vTaskNotifyGiveFromISR) for vTaskNotifyGiveFromISR
    delay10us.o(i.TIM3_IRQHandler) refers to delay10us.o(.data) for .data
    delay10us.o(i.TIM3_IRQHandler) refers to delay10us.o(.bss) for .bss
    delay10us.o(i.TimerIsExpired) refers to port.o(i.vPortEnterCritical) for vPortEnterCritical
    delay10us.o(i.TimerIsExpired) refers to port.o(i.vPortExitCritical) for vPortExitCritical
    delay10us.o(i.TimerIsExpired) refers to delay10us.o(.data) for .data
    delay10us.o(i.TimerPassMs) refers to port.o(i.vPortEnterCritical) for vPortEnterCritical
    delay10us.o(i.TimerPassMs) refers to port.o(i.vPortExitCritical) for vPortExitCritical
    delay10us.o(i.TimerPassMs) refers to delay10us.o(.data) for .data
    delay10us.o(i.TimerRemainingMs) refers to port.o(i.vPortEnterCritical) for vPortEnterCritical
    delay10us.o(i.TimerRemainingMs) refers to port.o(i.vPortExitCritical) for vPortExitCritical
    delay10us.o(i.TimerRemainingMs) refers to delay10us.o(.data) for .data
    delay10us.o(i.TimerSet) refers to port.o(i.vPortEnterCritical) for vPortEnterCritical
    delay10us.o(i.TimerSet) refers to port.o(i.vPortExitCritical) for vPortExitCritical
    delay10us.o(i.TimerSet) refers to delay10us.o(.data) for .data
    rhhdriver.o(i.stepRHH) refers to cmsis_os2.o(i.osDelay) for osDelay
    parser.o(i.parseString) refers to _scanf_int.o(.text) for _scanf_int
    parser.o(i.parseString) refers to strlen.o(.text) for strlen
    parser.o(i.parseString) refers to __0sscanf.o(.text) for __0sscanf
    parser.o(i.parseString) refers to parser.o(.bss) for .bss
    main.o(i.ADCToVolts) refers to dfltui.o(.text) for __aeabi_ui2d
    main.o(i.ADCToVolts) refers to dmul.o(.text) for __aeabi_dmul
    main.o(i.ADCToVolts) refers to d2f.o(.text) for __aeabi_d2f
    main.o(i.AirPerCycle) refers to main.o(.data) for .data
    main.o(i.HAL_TIM_PeriodElapsedCallback) refers to stm32f4xx_hal.o(i.HAL_IncTick) for HAL_IncTick
    main.o(i.StartDefaultTask) refers to cmsis_os2.o(i.osDelay) for osDelay
    main.o(i.StartEEPROMTask) refers to tasks.o(i.ulTaskNotifyTake) for ulTaskNotifyTake
    main.o(i.StartEEPROMTask) refers to cmsis_os2.o(i.osDelay) for osDelay
    main.o(i.StartEEPROMTask) refers to port.o(i.vPortEnterCritical) for vPortEnterCritical
    main.o(i.StartEEPROMTask) refers to f2d.o(.text) for __aeabi_f2d
[...]
    .text                                    0x080006ec   Section        0  _sgetc.o(.text)
    .text                                    0x0800072c   Section        0  fepilogue.o(.text)
    .text                                    0x0800072c   Section        0  iusefp.o(.text)
    .text                                    0x0800079a   Section        0  depilogue.o(.text)
    .text                                    0x08000854   Section        0  dadd.o(.text)
    .text                                    0x080009a2   Section        0  ddiv.o(.text)
    .text                                    0x08000a80   Section        0  dfixul.o(.text)
    .text                                    0x08000ab0   Section       48  cdrcmple.o(.text)
    .text                                    0x08000ae0   Section       36  init.o(.text)
    .text                                    0x08000b04   Section        0  llsshr.o(.text)
    .text                                    0x08000b28   Section        0  isspace_c.o(.text)
    .text                                    0x08000b34   Section        0  _scanf.o(.text)
    .text                                    0x08000e64   Section        0  ctype_c.o(.text)
    .text                                    0x08000e8c   Section        0  __dczerorl2.o(.text)
    i.ADC_DMAConvCplt                        0x08000ee2   Section        0  stm32f4xx_hal_adc.o(i.ADC_DMAConvCplt)
    ADC_DMAConvCplt                          0x08000ee3   Thumb Code   116  stm32f4xx_hal_adc.o(i.ADC_DMAConvCplt)
    i.ADC_DMAError                           0x08000f56   Section        0  stm32f4xx_hal_adc.o(i.ADC_DMAError)
    ADC_DMAError                             0x08000f57   Thumb Code    22  stm32f4xx_hal_adc.o(i.ADC_DMAError)
    i.ADC_DMAHalfConvCplt                    0x08000f6c   Section        0  stm32f4xx_hal_adc.o(i.ADC_DMAHalfConvCplt)
    ADC_DMAHalfConvCplt                      0x08000f6d   Thumb Code    10  stm32f4xx_hal_adc.o(i.ADC_DMAHalfConvCplt)
    i.BusFault_Handler                       0x08000f76   Section        0  stm32f4xx_it.o(i.BusFault_Handler)
    i.DMA2_Stream0_IRQHandler                0x08000f78   Section        0  stm32f4xx_it.o(i.DMA2_Stream0_IRQHandler)
    i.DebugMon_Handler                       0x08000f84   Section        0  stm32f4xx_it.o(i.DebugMon_Handler)
    i.Delay_100us                            0x08000f88   Section        0  delay10us.o(i.Delay_100us)
    i.Delay_100usInit                        0x08000fe0   Section        0  delay10us.o(i.Delay_100usInit)
    i.EXTI3_IRQHandler                       0x08001000   Section        0  stm32f4xx_it.o(i.EXTI3_IRQHandler)
    i.EXTI4_IRQHandler                       0x0800106c   Section        0  stm32f4xx_it.o(i.EXTI4_IRQHandler)
    i.Error_Handler                          0x08001080   Section        0  main.o(i.Error_Handler)
    i.HAL_ADC_ConfigChannel                  0x08001084   Section        0  stm32f4xx_hal_adc.o(i.HAL_ADC_ConfigChannel)
    i.HAL_ADC_ConvCpltCallback               0x08001234   Section        0  main.o(i.HAL_ADC_ConvCpltCallback)
    i.HAL_ADC_ConvHalfCpltCallback           0x08001236   Section        0  stm32f4xx_hal_adc.o(i.HAL_ADC_ConvHalfCpltCallback)
    i.HAL_ADC_ErrorCallback                  0x08001238   Section        0  stm32f4xx_hal_adc.o(i.HAL_ADC_ErrorCallback)
    i.HAL_ADC_Init                           0x0800123c   Section        0  stm32f4xx_hal_adc.o(i.HAL_ADC_Init)
    i.HAL_ADC_MspInit                        0x080013b0   Section        0  stm32f4xx_hal_msp.o(i.HAL_ADC_MspInit)
    i.HAL_ADC_Start_DMA                      0x08001480   Section        0  stm32f4xx_hal_adc.o(i.HAL_ADC_Start_DMA)
    i.HAL_DMA_IRQHandler                     0x08001604   Section        0  stm32f4xx_hal_dma.o(i.HAL_DMA_IRQHandler)
    i.HAL_DMA_Init                           0x080017e0   Section        0  stm32f4xx_hal_dma.o(i.HAL_DMA_Init)
    i.HAL_DMA_Start_IT                       0x0800193c   Section        0  stm32f4xx_hal_dma.o(i.HAL_DMA_Start_IT)
    i.HAL_GPIO_Init                          0x080019d0   Section        0  stm32f4xx_hal_gpio.o(i.HAL_GPIO_Init)
    i.HAL_GetTick                            0x08001b9c   Section        0  stm32f4xx_hal.o(i.HAL_GetTick)
    i.HAL_IncTick                            0x08001ba8   Section        0  stm32f4xx_hal.o(i.HAL_IncTick)
    i.HAL_Init                               0x08001bb8   Section        0  stm32f4xx_hal.o(i.HAL_Init)
    i.HAL_InitTick                           0x08001bec   Section        0  stm32f4xx_hal_timebase_tim.o(i.HAL_InitTick)
    i.HAL_MspInit                            0x08001c60   Section        0  stm32f4xx_hal_msp.o(i.HAL_MspInit)
    i.HAL_NVIC_EnableIRQ                     0x08001c9c   Section        0  stm32f4xx_hal_cortex.o(i.HAL_NVIC_EnableIRQ)
    i.HAL_NVIC_SetPriority                   0x08001cbc   Section        0  stm32f4xx_hal_cortex.o(i.HAL_NVIC_SetPriority)
    i.HAL_NVIC_SetPriorityGrouping           0x08001d20   Section        0  stm32f4xx_hal_cortex.o(i.HAL_NVIC_SetPriorityGrouping)
    i.HAL_RCC_GetClockConfig                 0x08001d44   Section        0  stm32f4xx_hal_rcc.o(i.HAL_RCC_GetClockConfig)
    i.HAL_RCC_GetPCLK1Freq                   0x08001d84   Section        0  stm32f4xx_hal_rcc.o(i.HAL_RCC_GetPCLK1Freq)
    i.HAL_TIMEx_BreakCallback                0x08001da4   Section        0  stm32f4xx_hal_tim_ex.o(i.HAL_TIMEx_BreakCallback)
    i.HAL_TIMEx_CommutCallback               0x08001da6   Section        0  stm32f4xx_hal_tim_ex.o(i.HAL_TIMEx_CommutCallback)
    i.HAL_TIM_Base_Init                      0x08001da8   Section        0  stm32f4xx_hal_tim.o(i.HAL_TIM_Base_Init)
    i.HAL_TIM_Base_MspInit                   0x08001e02   Section        0  stm32f4xx_hal_tim.o(i.HAL_TIM_Base_MspInit)
    i.HAL_TIM_Base_Start_IT                  0x08001e04   Section        0  stm32f4xx_hal_tim.o(i.HAL_TIM_Base_Start_IT)
    i.HAL_TIM_IC_CaptureCallback             0x08001e70   Section        0  stm32f4xx_hal_tim.o(i.HAL_TIM_IC_CaptureCallback)
    i.HAL_TIM_IRQHandler                     0x08001e72   Section        0  stm32f4xx_hal_tim.o(i.HAL_TIM_IRQHandler)
    i.HAL_TIM_OC_DelayElapsedCallback        0x08001fde   Section        0  stm32f4xx_hal_tim.o(i.HAL_TIM_OC_DelayElapsedCallback)
    i.HAL_TIM_PWM_PulseFinishedCallback      0x08001fe0   Section        0  stm32f4xx_hal_tim.o(i.HAL_TIM_PWM_PulseFinishedCallback)
    i.HAL_TIM_PeriodElapsedCallback          0x08001fe2   Section        0  main.o(i.HAL_TIM_PeriodElapsedCallback)
    i.HAL_TIM_TriggerCallback                0x08001ff0   Section        0  stm32f4xx_hal_tim.o(i.HAL_TIM_TriggerCallback)
    i.HardFault_Handler                      0x08001ff2   Section        0  stm32f4xx_it.o(i.HardFault_Handler)
    i.LL_EXTI_Init                           0x08001ff4   Section        0  stm32f4xx_ll_exti.o(i.LL_EXTI_Init)
    i.LL_GPIO_Init                           0x080020c8   Section        0  stm32f4xx_ll_gpio.o(i.LL_GPIO_Init)
    i.LL_I2C_Init                            0x0800221c   Section        0  stm32f4xx_ll_i2c.o(i.LL_I2C_Init)
    i.LL_RCC_GetSystemClocksFreq             0x08002328   Section        0  stm32f4xx_ll_rcc.o(i.LL_RCC_GetSystemClocksFreq)
    i.LL_SetSystemCoreClock                  0x080023d0   Section        0  stm32f4xx_ll_utils.o(i.LL_SetSystemCoreClock)
    i.LL_TIM_Init                            0x080023dc   Section        0  stm32f4xx_ll_tim.o(i.LL_TIM_Init)
    i.LL_USART_Init                          0x08002478   Section        0  stm32f4xx_ll_usart.o(i.LL_USART_Init)
    i.MemManage_Handler                      0x08002590   Section        0  stm32f4xx_it.o(i.MemManage_Handler)
    i.NMI_Handler                            0x08002592   Section        0  stm32f4xx_it.o(i.NMI_Handler)
    i.StartDefaultTask                       0x08002594   Section        0  main.o(i.StartDefaultTask)
    i.StartEEPROMTask                        0x080025b0   Section        0  main.o(i.StartEEPROMTask)
    i.StartInjectionTask                     0x0800270c   Section        0  main.o(i.StartInjectionTask)
    i.StartItnitionTask                      0x08002774   Section        0  main.o(i.StartItnitionTask)
    i.StartRHHTask                           0x08002850   Section        0  main.o(i.StartRHHTask)
    i.StartReadSensorsTask                   0x080029a8   Section        0  main.o(i.StartReadSensorsTask)
    i.StartUartTXtask                        0x08002df4   Section        0  main.o(i.StartUartTXtask)
    i.StartUsartTask                         0x08002e40   Section        0  main.o(i.StartUsartTask)
    i.StartuartParserTask                    0x08002e94   Section        0  main.o(i.StartuartParserTask)
    i.SysTick_Handler                        0x08003304   Section        0  cmsis_os2.o(i.SysTick_Handler)
    i.SystemClock_Config                     0x08003320   Section        0  main.o(i.SystemClock_Config)
    i.SystemInit                             0x08003408   Section        0  system_stm32f4xx.o(i.SystemInit)
    i.TIM1_TRG_COM_TIM11_IRQHandler          0x08003418   Section        0  main.o(i.TIM1_TRG_COM_TIM11_IRQHandler)
    i.TIM2_IRQHandler                        0x08003468   Section        0  stm32f4xx_it.o(i.TIM2_IRQHandler)
    i.TIM3_IRQHandler                        0x08003474   Section        0  delay10us.o(i.TIM3_IRQHandler)
    i.TIM_Base_SetConfig                     0x080034f4   Section        0  stm32f4xx_hal_tim.o(i.TIM_Base_SetConfig)
    i.USART1_IRQHandler                      0x08003598   Section        0  stm32f4xx_it.o(i.USART1_IRQHandler)
    i.UsageFault_Handler                     0x080035ec   Section        0  stm32f4xx_it.o(i.UsageFault_Handler)
    i.__0sprintf                             0x080035f0   Section        0  printfa.o(i.__0sprintf)
    i.__scatterload_copy                     0x08003618   Section       14  handlers.o(i.__scatterload_copy)
    i.__scatterload_null                     0x08003626   Section        2  handlers.o(i.__scatterload_null)
    i.__scatterload_zeroinit                 0x08003628   Section       14  handlers.o(i.__scatterload_zeroinit)
    i._fp_digits                             0x08003638   Section        0  printfa.o(i._fp_digits)
    _fp_digits                               0x08003639   Thumb Code   366  printfa.o(i._fp_digits)
    i._printf_core                           0x080037bc   Section        0  printfa.o(i._printf_core)
    _printf_core                             0x080037bd   Thumb Code  1704  printfa.o(i._printf_core)
    i._printf_post_padding                   0x08003e70   Section        0  printfa.o(i._printf_post_padding)
    _printf_post_padding                     0x08003e71   Thumb Code    36  printfa.o(i._printf_post_padding)
    i._printf_pre_padding                    0x08003e94   Section        0  printfa.o(i._printf_pre_padding)
    _printf_pre_padding                      0x08003e95   Thumb Code    46  printfa.o(i._printf_pre_padding)
    i._sputc                                 0x08003ec2   Section        0  printfa.o(i._sputc)
    _sputc                                   0x08003ec3   Thumb Code    10  printfa.o(i._sputc)
    i.main                                   0x08003ecc   Section        0  main.o(i.main)
    i.osDelay                                0x080045b8   Section        0  cmsis_os2.o(i.osDelay)
    i.osKernelInitialize                     0x080045d8   Section        0  cmsis_os2.o(i.osKernelInitialize)
    i.osKernelStart                          0x08004600   Section        0  cmsis_os2.o(i.osKernelStart)
    i.osMessageQueueNew                      0x0800463c   Section        0  cmsis_os2.o(i.osMessageQueueNew)
    i.osThreadNew                            0x080046a8   Section        0  cmsis_os2.o(i.osThreadNew)
    i.parseString                            0x08004744   Section        0  parser.o(i.parseString)
    i.prvAddCurrentTaskToDelayedList         0x08004828   Section        0  tasks.o(i.prvAddCurrentTaskToDelayedList)
    prvAddCurrentTaskToDelayedList           0x08004829   Thumb Code    86  tasks.o(i.prvAddCurrentTaskToDelayedList)
    i.prvAddNewTaskToReadyList               0x08004888   Section        0  tasks.o(i.prvAddNewTaskToReadyList)
    prvAddNewTaskToReadyList                 0x08004889   Thumb Code   198  tasks.o(i.prvAddNewTaskToReadyList)
    i.prvIdleTask                            0x08004970   Section        0  tasks.o(i.prvIdleTask)
    prvIdleTask                              0x08004971   Thumb Code   126  tasks.o(i.prvIdleTask)
    i.prvSampleTimeNow                       0x080049fc   Section        0  timers.o(i.prvSampleTimeNow)
    prvSampleTimeNow                         0x080049fd   Thumb Code   202  timers.o(i.prvSampleTimeNow)
    i.prvTaskExitError                       0x08004acc   Section        0  port.o(i.prvTaskExitError)
    prvTaskExitError                         0x08004acd   Thumb Code    38  port.o(i.prvTaskExitError)
    i.prvTimerTask                           0x08004af8   Section        0  timers.o(i.prvTimerTask)
    prvTimerTask                             0x08004af9   Thumb Code   760  timers.o(i.prvTimerTask)
    i.prvUnlockQueue                         0x08004df8   Section        0  queue.o(i.prvUnlockQueue)
    prvUnlockQueue                           0x08004df9   Thumb Code   108  queue.o(i.prvUnlockQueue)
    i.pvPortMalloc                           0x08004e64   Section        0  heap_2.o(i.pvPortMalloc)
    i.pxPortInitialiseStack                  0x08004f30   Section        0  port.o(i.pxPortInitialiseStack)
    i.sendInfoToUart                         0x08004f5c   Section        0  main.o(i.sendInfoToUart)
    i.stepRHH                                0x08004fb0   Section        0  rhhdriver.o(i.stepRHH)
    i.ulTaskNotifyTake                       0x08005040   Section        0  tasks.o(i.ulTaskNotifyTake)
    i.uxListRemove                           0x080050ac   Section        0  list.o(i.uxListRemove)
    i.vApplicationGetIdleTaskMemory          0x080050d4   Section        0  cmsis_os2.o(i.vApplicationGetIdleTaskMemory)
    i.vApplicationGetTimerTaskMemory         0x080050e8   Section        0  cmsis_os2.o(i.vApplicationGetTimerTaskMemory)
    i.vListInitialise                        0x08005100   Section        0  list.o(i.vListInitialise)
    i.vListInitialiseItem                    0x08005116   Section        0  list.o(i.vListInitialiseItem)
    i.vListInsert                            0x0800511c   Section        0  list.o(i.vListInsert)
    i.vListInsertEnd                         0x08005156   Section        0  list.o(i.vListInsertEnd)
    i.vPortEnterCritical                     0x08005170   Section        0  port.o(i.vPortEnterCritical)
    i.vPortExitCritical                      0x080051b0   Section        0  port.o(i.vPortExitCritical)
    i.vPortFree                              0x080051dc   Section        0  heap_2.o(i.vPortFree)
    i.vPortSetupTimerInterrupt               0x0800521c   Section        0  port.o(i.vPortSetupTimerInterrupt)
    i.vPortValidateInterruptPriority         0x08005240   Section        0  port.o(i.vPortValidateInterruptPriority)
    i.vQueueAddToRegistry                    0x08005294   Section        0  queue.o(i.vQueueAddToRegistry)
    i.vQueueWaitForMessageRestricted         0x080052bc   Section        0  queue.o(i.vQueueWaitForMessageRestricted)
    i.vTaskDelay                             0x08005308   Section        0  tasks.o(i.vTaskDelay)
    i.vTaskInternalSetTimeOutState           0x08005354   Section        0  tasks.o(i.vTaskInternalSetTimeOutState)
    i.vTaskMissedYield                       0x08005364   Section        0  tasks.o(i.vTaskMissedYield)
    i.vTaskNotifyGiveFromISR                 0x08005370   Section        0  tasks.o(i.vTaskNotifyGiveFromISR)
    i.vTaskPlaceOnEventList                  0x08005424   Section        0  tasks.o(i.vTaskPlaceOnEventList)
    i.vTaskPlaceOnEventListRestricted        0x08005458   Section        0  tasks.o(i.vTaskPlaceOnEventListRestricted)
    i.vTaskStartScheduler                    0x08005494   Section        0  tasks.o(i.vTaskStartScheduler)
    i.vTaskSuspendAll                        0x08005520   Section        0  tasks.o(i.vTaskSuspendAll)
    i.vTaskSwitchContext                     0x08005530   Section        0  tasks.o(i.vTaskSwitchContext)
    i.xPortStartScheduler                    0x0800559c   Section        0  port.o(i.xPortStartScheduler)
    i.xPortSysTickHandler                    0x080056a0   Section        0  port.o(i.xPortSysTickHandler)
    i.xQueueGenericCreate                    0x080056cc   Section        0  queue.o(i.xQueueGenericCreate)
    i.xQueueGenericCreateStatic              0x0800575a   Section        0  queue.o(i.xQueueGenericCreateStatic)
    i.xQueueGenericReset                     0x08005814   Section        0  queue.o(i.xQueueGenericReset)
    i.xQueueGenericSend                      0x0800589c   Section        0  queue.o(i.xQueueGenericSend)
    i.xQueueGenericSendFromISR               0x08005a70   Section        0  queue.o(i.xQueueGenericSendFromISR)
    i.xQueueReceive                          0x08005b8c   Section        0  queue.o(i.xQueueReceive)
    i.xTaskCheckForTimeOut                   0x08005ce4   Section        0  tasks.o(i.xTaskCheckForTimeOut)
    i.xTaskCreate                            0x08005d64   Section        0  tasks.o(i.xTaskCreate)
    i.xTaskCreateStatic                      0x08005e26   Section        0  tasks.o(i.xTaskCreateStatic)
    i.xTaskGenericNotify                     0x08005f04   Section        0  tasks.o(i.xTaskGenericNotify)
    i.xTaskGetCurrentTaskHandle              0x08005fe8   Section        0  tasks.o(i.xTaskGetCurrentTaskHandle)
    i.xTaskGetSchedulerState                 0x08005ff4   Section        0  tasks.o(i.xTaskGetSchedulerState)
    i.xTaskGetTickCount                      0x08006010   Section        0  tasks.o(i.xTaskGetTickCount)
    i.xTaskIncrementTick                     0x0800601c   Section        0  tasks.o(i.xTaskIncrementTick)
    i.xTaskPriorityDisinherit                0x08006100   Section        0  tasks.o(i.xTaskPriorityDisinherit)
    i.xTaskRemoveFromEventList               0x08006184   Section        0  tasks.o(i.xTaskRemoveFromEventList)
    i.xTaskResumeAll                         0x080061f8   Section        0  tasks.o(i.xTaskResumeAll)
    i.xTimerCreateTimerTask                  0x080063b4   Section        0  timers.o(i.xTimerCreateTimerTask)
    i.xTimerGenericCommand                   0x08006460   Section        0  timers.o(i.xTimerGenericCommand)
    .constdata                               0x080064d8   Section      372  main.o(.constdata)
    .constdata                               0x0800664c   Section        8  stm32f4xx_hal_dma.o(.constdata)
    flagBitshiftOffset                       0x0800664c   Data           8  stm32f4xx_hal_dma.o(.constdata)
    .constdata                               0x08006654   Section       16  system_stm32f4xx.o(.constdata)
    .constdata                               0x08006664   Section        8  system_stm32f4xx.o(.constdata)
    .constdata                               0x0800666c   Section       64  ctype_c.o(.constdata)
    .conststring                             0x080066ac   Section      151  main.o(.conststring)
    .data                                    0x20000000   Section        4  delay10us.o(.data)
    TimeMs                                   0x20000000   Data           4  delay10us.o(.data)
    .data                                    0x20000004   Section     1524  main.o(.data)
    integral                                 0x2000003c   Data           4  main.o(.data)
    prevErr                                  0x20000040   Data           4  main.o(.data)
    .data                                    0x200005f8   Section       12  stm32f4xx_hal.o(.data)
    .data                                    0x20000604   Section        4  system_stm32f4xx.o(.data)
    .data                                    0x20000608   Section       60  tasks.o(.data)
    uxDeletedTasksWaitingCleanUp             0x2000060c   Data           4  tasks.o(.data)
    uxCurrentNumberOfTasks                   0x20000610   Data           4  tasks.o(.data)
    xTickCount                               0x20000614   Data           4  tasks.o(.data)
    uxTopReadyPriority                       0x20000618   Data           4  tasks.o(.data)
    xSchedulerRunning                        0x2000061c   Data           4  tasks.o(.data)
    xPendedTicks                             0x20000620   Data           4  tasks.o(.data)
    xYieldPending                            0x20000624   Data           4  tasks.o(.data)
    xNumOfOverflows                          0x20000628   Data           4  tasks.o(.data)
    uxTaskNumber                             0x2000062c   Data           4  tasks.o(.data)
    xNextTaskUnblockTime                     0x20000630   Data           4  tasks.o(.data)
    xIdleTaskHandle                          0x20000634   Data           4  tasks.o(.data)
    uxSchedulerSuspended                     0x20000638   Data           4  tasks.o(.data)
    pxDelayedTaskList                        0x2000063c   Data           4  tasks.o(.data)
    pxOverflowDelayedTaskList                0x20000640   Data           4  tasks.o(.data)
    .data                                    0x20000644   Section       20  timers.o(.data)
    xTimerQueue                              0x20000644   Data           4  timers.o(.data)
    xTimerTaskHandle                         0x20000648   Data           4  timers.o(.data)
    xLastTime                                0x2000064c   Data           4  timers.o(.data)
    pxCurrentTimerList                       0x20000650   Data           4  timers.o(.data)
    pxOverflowTimerList                      0x20000654   Data           4  timers.o(.data)
    .data                                    0x20000658   Section        4  cmsis_os2.o(.data)
    KernelState                              0x20000658   Data           4  cmsis_os2.o(.data)
    .data                                    0x2000065c   Section       24  heap_2.o(.data)
    xFreeBytesRemaining                      0x2000065c   Data           4  heap_2.o(.data)
    xHeapHasBeenInitialised                  0x20000660   Data           4  heap_2.o(.data)
    xStart                                   0x20000664   Data           8  heap_2.o(.data)
    xEnd                                     0x2000066c   Data           8  heap_2.o(.data)
    .data                                    0x20000674   Section       12  port.o(.data)
    ucMaxSysCallPriority                     0x20000674   Data           1  port.o(.data)
    uxCriticalNesting                        0x20000678   Data           4  port.o(.data)
    ulMaxPRIGROUPValue                       0x2000067c   Data           4  port.o(.data)
    .bss                                     0x20000680   Section      160  delay10us.o(.bss)
    delays100us                              0x20000680   Data         160  delay10us.o(.bss)
    .bss                                     0x20000720   Section       20  parser.o(.bss)
    package                                  0x20000720   Data          20  parser.o(.bss)
    .bss                                     0x20000734   Section      264  main.o(.bss)
    .bss                                     0x2000083c   Section       96  main.o(.bss)
    .bss                                     0x2000089c   Section       72  stm32f4xx_hal_timebase_tim.o(.bss)
    .bss                                     0x200008e4   Section       64  queue.o(.bss)
    .bss                                     0x20000924   Section     1220  tasks.o(.bss)
    pxReadyTasksLists                        0x20000924   Data        1120  tasks.o(.bss)
    xDelayedTaskList1                        0x20000d84   Data          20  tasks.o(.bss)
    xDelayedTaskList2                        0x20000d98   Data          20  tasks.o(.bss)
    xPendingReadyList                        0x20000dac   Data          20  tasks.o(.bss)
    xTasksWaitingTermination                 0x20000dc0   Data          20  tasks.o(.bss)
    xSuspendedTaskList                       0x20000dd4   Data          20  tasks.o(.bss)
    .bss                                     0x20000de8   Section      280  timers.o(.bss)
    xStaticTimerQueue                        0x20000de8   Data          80  timers.o(.bss)
    ucStaticTimerQueueStorage                0x20000e38   Data         160  timers.o(.bss)
    xActiveTimerList1                        0x20000ed8   Data          20  timers.o(.bss)
    xActiveTimerList2                        0x20000eec   Data          20  timers.o(.bss)
    .bss                                     0x20000f00   Section     1720  cmsis_os2.o(.bss)
    Idle_TCB                                 0x20000f00   Data          92  cmsis_os2.o(.bss)
    Idle_Stack                               0x20000f5c   Data         512  cmsis_os2.o(.bss)
    Timer_TCB                                0x2000115c   Data          92  cmsis_os2.o(.bss)
    Timer_Stack                              0x200011b8   Data        1024  cmsis_os2.o(.bss)
    .bss                                     0x200015b8   Section    15360  heap_2.o(.bss)
    ucHeap                                   0x200015b8   Data       15360  heap_2.o(.bss)
    STACK                                    0x200051b8   Section     1024  startup_stm32f401xc.o(STACK)

    Global Symbols

    Symbol Name                              Value     Ov Type        Size  Object(Section)

    BuildAttributes$$THM_ISAv4$E$P$D$K$B$S$7EM$VFPi3$EXTD16$VFPS$VFMA$PE$A:L22UL41UL21$X:L11$S22US41US21$IEEE1$IW$USESV6$~STKCKD$USESV7$~SHL$OTIME$ROPI$EBA8$MICROLIB$REQ8$PRES8$EABIv2 0x00000000   Number         0  anon$$obj.o ABSOLUTE
    __ARM_use_no_argv                        0x00000000   Number         0  main.o ABSOLUTE
    _printf_a                                0x00000000   Number         0  stubs.o ABSOLUTE
    _printf_c                                0x00000000   Number         0  stubs.o ABSOLUTE
    _printf_charcount                        0x00000000   Number         0  stubs.o ABSOLUTE
    _printf_d                                0x00000000   Number         0  stubs.o ABSOLUTE
    _printf_e                                0x00000000   Number         0  stubs.o ABSOLUTE
    _printf_f                                0x00000000   Number         0  stubs.o ABSOLUTE
    _printf_flags                            0x00000000   Number         0  stubs.o ABSOLUTE
    _printf_fp_dec                           0x00000000   Number         0  stubs.o ABSOLUTE
    _printf_fp_hex                           0x00000000   Number         0  stubs.o ABSOLUTE
    _printf_g                                0x00000000   Number         0  stubs.o ABSOLUTE
    _printf_i                                0x00000000   Number         0  stubs.o ABSOLUTE
    _printf_int_dec                          0x00000000   Number         0  stubs.o ABSOLUTE
    _printf_l                                0x00000000   Number         0  stubs.o ABSOLUTE
    _printf_lc                               0x00000000   Number         0  stubs.o ABSOLUTE
    _printf_ll                               0x00000000   Number         0  stubs.o ABSOLUTE
    _printf_lld                              0x00000000   Number         0  stubs.o ABSOLUTE
    _printf_lli                              0x00000000   Number         0  stubs.o ABSOLUTE
    _printf_llo                              0x00000000   Number         0  stubs.o ABSOLUTE
    _printf_llu                              0x00000000   Number         0  stubs.o ABSOLUTE
    _printf_llx                              0x00000000   Number         0  stubs.o ABSOLUTE
    _printf_longlong_dec                     0x00000000   Number         0  stubs.o ABSOLUTE
    _printf_longlong_hex                     0x00000000   Number         0  stubs.o ABSOLUTE
    _printf_longlong_oct                     0x00000000   Number         0  stubs.o ABSOLUTE
    _printf_ls                               0x00000000   Number         0  stubs.o ABSOLUTE
    _printf_mbtowc                           0x00000000   Number         0  stubs.o ABSOLUTE
    _printf_n                                0x00000000   Number         0  stubs.o ABSOLUTE
    _printf_o                                0x00000000   Number         0  stubs.o ABSOLUTE
    _printf_p                                0x00000000   Number         0  stubs.o ABSOLUTE
    _printf_percent                          0x00000000   Number         0  stubs.o ABSOLUTE
    _printf_pre_padding                      0x00000000   Number         0  stubs.o ABSOLUTE
    _printf_return_value                     0x00000000   Number         0  stubs.o ABSOLUTE
    _printf_s                                0x00000000   Number         0  stubs.o ABSOLUTE
    _printf_sizespec                         0x00000000   Number         0  stubs.o ABSOLUTE
    _printf_str                              0x00000000   Number         0  stubs.o ABSOLUTE
    _printf_truncate_signed                  0x00000000   Number         0  stubs.o ABSOLUTE
    _printf_truncate_unsigned                0x00000000   Number         0  stubs.o ABSOLUTE
    _printf_u                                0x00000000   Number         0  stubs.o ABSOLUTE
    _printf_wc                               0x00000000   Number         0  stubs.o ABSOLUTE
    _printf_wctomb                           0x00000000   Number         0  stubs.o ABSOLUTE
    _printf_widthprec                        0x00000000   Number         0  stubs.o ABSOLUTE
    _printf_x                                0x00000000   Number         0  stubs.o ABSOLUTE
    __arm_fini_                               - Undefined Weak Reference
    __cpp_initialize__aeabi_                  - Undefined Weak Reference
    __cxa_finalize                            - Undefined Weak Reference
    _clock_init                               - Undefined Weak Reference
    _microlib_exit                            - Undefined Weak Reference
    _scanf_longlong                           - Undefined Weak Reference
    _scanf_real                               - Undefined Weak Reference
    _scanf_string                             - Undefined Weak Reference
    __Vectors_Size                           0x00000194   Number         0  startup_stm32f401xc.o ABSOLUTE
    __Vectors                                0x08000000   Data           4  startup_stm32f401xc.o(RESET)
    __Vectors_End                            0x08000194   Data           0  startup_stm32f401xc.o(RESET)
    __main                                   0x08000195   Thumb Code     0  entry.o(.ARM.Collect$$$$00000000)
    _main_stk                                0x08000195   Thumb Code     0  entry2.o(.ARM.Collect$$$$00000001)
    _main_scatterload                        0x08000199   Thumb Code     0  entry5.o(.ARM.Collect$$$$00000004)
    __main_after_scatterload                 0x0800019d   Thumb Code     0  entry5.o(.ARM.Collect$$$$00000004)
    _main_clock                              0x0800019d   Thumb Code     0  entry7b.o(.ARM.Collect$$$$00000008)
    _main_cpp_init                           0x0800019d   Thumb Code     0  entry8b.o(.ARM.Collect$$$$0000000A)
    _main_init                               0x0800019d   Thumb Code     0  entry9a.o(.ARM.Collect$$$$0000000B)
    __rt_lib_shutdown_fini                   0x080001a5   Thumb Code     0  entry12b.o(.ARM.Collect$$$$0000000E)
    __rt_final_cpp                           0x080001a9   Thumb Code     0  entry10a.o(.ARM.Collect$$$$0000000F)
    __rt_final_exit                          0x080001a9   Thumb Code     0  entry11a.o(.ARM.Collect$$$$00000011)
    SVC_Handler                              0x080001ad   Thumb Code    28  port.o(.emb_text)
    __asm___6_port_c_39a90d8d__prvStartFirstTask 0x080001cd   Thumb Code    36  port.o(.emb_text)
    __asm___6_port_c_39a90d8d__prvEnableVFP  0x080001f5   Thumb Code    16  port.o(.emb_text)
    PendSV_Handler                           0x08000209   Thumb Code    88  port.o(.emb_text)
    vPortGetIPSR                             0x08000265   Thumb Code     6  port.o(.emb_text)
    Reset_Handler                            0x0800026d   Thumb Code     8  startup_stm32f401xc.o(.text)
    ADC_IRQHandler                           0x08000287   Thumb Code     0  startup_stm32f401xc.o(.text)
    DMA1_Stream0_IRQHandler                  0x08000287   Thumb Code     0  startup_stm32f401xc.o(.text)
    DMA1_Stream1_IRQHandler                  0x08000287   Thumb Code     0  startup_stm32f401xc.o(.text)
    DMA1_Stream2_IRQHandler                  0x08000287   Thumb Code     0  startup_stm32f401xc.o(.text)
    DMA1_Stream3_IRQHandler                  0x08000287   Thumb Code     0  startup_stm32f401xc.o(.text)
    DMA1_Stream4_IRQHandler                  0x08000287   Thumb Code     0  startup_stm32f401xc.o(.text)
    DMA1_Stream5_IRQHandler                  0x08000287   Thumb Code     0  startup_stm32f401xc.o(.text)
    DMA1_Stream6_IRQHandler                  0x08000287   Thumb Code     0  startup_stm32f401xc.o(.text)
    DMA1_Stream7_IRQHandler                  0x08000287   Thumb Code     0  startup_stm32f401xc.o(.text)
    DMA2_Stream1_IRQHandler                  0x08000287   Thumb Code     0  startup_stm32f401xc.o(.text)
    DMA2_Stream2_IRQHandler                  0x08000287   Thumb Code     0  startup_stm32f401xc.o(.text)
    DMA2_Stream3_IRQHandler                  0x08000287   Thumb Code     0  startup_stm32f401xc.o(.text)
    DMA2_Stream4_IRQHandler                  0x08000287   Thumb Code     0  startup_stm32f401xc.o(.text)
    DMA2_Stream5_IRQHandler                  0x08000287   Thumb Code     0  startup_stm32f401xc.o(.text)
    DMA2_Stream6_IRQHandler                  0x08000287   Thumb Code     0  startup_stm32f401xc.o(.text)
    DMA2_Stream7_IRQHandler                  0x08000287   Thumb Code     0  startup_stm32f401xc.o(.text)
    EXTI0_IRQHandler                         0x08000287   Thumb Code     0  startup_stm32f401xc.o(.text)
    EXTI15_10_IRQHandler                     0x08000287   Thumb Code     0  startup_stm32f401xc.o(.text)
    EXTI1_IRQHandler                         0x08000287   Thumb Code     0  startup_stm32f401xc.o(.text)
    EXTI2_IRQHandler                         0x08000287   Thumb Code     0  startup_stm32f401xc.o(.text)
    EXTI9_5_IRQHandler                       0x08000287   Thumb Code     0  startup_stm32f401xc.o(.text)
    FLASH_IRQHandler                         0x08000287   Thumb Code     0  startup_stm32f401xc.o(.text)
    FPU_IRQHandler                           0x08000287   Thumb Code     0  startup_stm32f401xc.o(.text)
    I2C1_ER_IRQHandler                       0x08000287   Thumb Code     0  startup_stm32f401xc.o(.text)
    I2C1_EV_IRQHandler                       0x08000287   Thumb Code     0  startup_stm32f401xc.o(.text)
    I2C2_ER_IRQHandler                       0x08000287   Thumb Code     0  startup_stm32f401xc.o(.text)
    I2C2_EV_IRQHandler                       0x08000287   Thumb Code     0  startup_stm32f401xc.o(.text)
    I2C3_ER_IRQHandler                       0x08000287   Thumb Code     0  startup_stm32f401xc.o(.text)
    I2C3_EV_IRQHandler                       0x08000287   Thumb Code     0  startup_stm32f401xc.o(.text)
    OTG_FS_IRQHandler                        0x08000287   Thumb Code     0  startup_stm32f401xc.o(.text)
    OTG_FS_WKUP_IRQHandler                   0x08000287   Thumb Code     0  startup_stm32f401xc.o(.text)
    PVD_IRQHandler                           0x08000287   Thumb Code     0  startup_stm32f401xc.o(.text)
    RCC_IRQHandler                           0x08000287   Thumb Code     0  startup_stm32f401xc.o(.text)
    RTC_Alarm_IRQHandler                     0x08000287   Thumb Code     0  startup_stm32f401xc.o(.text)
    RTC_WKUP_IRQHandler                      0x08000287   Thumb Code     0  startup_stm32f401xc.o(.text)
    SDIO_IRQHandler                          0x08000287   Thumb Code     0  startup_stm32f401xc.o(.text)
    SPI1_IRQHandler                          0x08000287   Thumb Code     0  startup_stm32f401xc.o(.text)
    SPI2_IRQHandler                          0x08000287   Thumb Code     0  startup_stm32f401xc.o(.text)
    SPI3_IRQHandler                          0x08000287   Thumb Code     0  startup_stm32f401xc.o(.text)
    SPI4_IRQHandler                          0x08000287   Thumb Code     0  startup_stm32f401xc.o(.text)
    TAMP_STAMP_IRQHandler                    0x08000287   Thumb Code     0  startup_stm32f401xc.o(.text)
    TIM1_BRK_TIM9_IRQHandler                 0x08000287   Thumb Code     0  startup_stm32f401xc.o(.text)
    TIM1_CC_IRQHandler                       0x08000287   Thumb Code     0  startup_stm32f401xc.o(.text)
    TIM1_UP_TIM10_IRQHandler                 0x08000287   Thumb Code     0  startup_stm32f401xc.o(.text)
    TIM4_IRQHandler                          0x08000287   Thumb Code     0  startup_stm32f401xc.o(.text)
    TIM5_IRQHandler                          0x08000287   Thumb Code     0  startup_stm32f401xc.o(.text)
    USART2_IRQHandler                        0x08000287   Thumb Code     0  startup_stm32f401xc.o(.text)
    USART6_IRQHandler                        0x08000287   Thumb Code     0  startup_stm32f401xc.o(.text)
    WWDG_IRQHandler                          0x08000287   Thumb Code     0  startup_stm32f401xc.o(.text)
    __aeabi_uldivmod                         0x08000291   Thumb Code    98  uldiv.o(.text)
    __aeabi_memcpy                           0x080002f3   Thumb Code    36  memcpya.o(.text)
    __aeabi_memcpy4                          0x080002f3   Thumb Code     0  memcpya.o(.text)
    __aeabi_memcpy8                          0x080002f3   Thumb Code     0  memcpya.o(.text)
    __aeabi_memset                           0x08000317   Thumb Code    14  memseta.o(.text)
    __aeabi_memset4                          0x08000317   Thumb Code     0  memseta.o(.text)
    __aeabi_memset8                          0x08000317   Thumb Code     0  memseta.o(.text)
    __aeabi_memclr                           0x08000325   Thumb Code     4  memseta.o(.text)
    __aeabi_memclr4                          0x08000325   Thumb Code     0  memseta.o(.text)
    __aeabi_memclr8                          0x08000325   Thumb Code     0  memseta.o(.text)
    memset                                   0x08000329   Thumb Code    18  memseta.o(.text)
    strlen                                   0x0800033b   Thumb Code    14  strlen.o(.text)
    strcpy                                   0x08000349   Thumb Code    18  strcpy.o(.text)
    __0sscanf                                0x0800035d   Thumb Code    48  __0sscanf.o(.text)
    _scanf_int                               0x08000395   Thumb Code   332  _scanf_int.o(.text)
    __aeabi_dmul                             0x080004e1   Thumb Code   228  dmul.o(.text)
    __aeabi_ui2d                             0x080005c5   Thumb Code    26  dfltui.o(.text)
    __aeabi_f2d                              0x080005df   Thumb Code    38  f2d.o(.text)
    __aeabi_d2f                              0x08000605   Thumb Code    56  d2f.o(.text)
    __aeabi_uidiv                            0x0800063d   Thumb Code     0  uidiv.o(.text)
    __aeabi_uidivmod                         0x0800063d   Thumb Code    44  uidiv.o(.text)
    __aeabi_llsl                             0x08000669   Thumb Code    30  llshl.o(.text)
    _ll_shift_l                              0x08000669   Thumb Code     0  llshl.o(.text)
    __aeabi_llsr                             0x08000687   Thumb Code    32  llushr.o(.text)
    _ll_ushift_r                             0x08000687   Thumb Code     0  llushr.o(.text)
    _chval                                   0x080006a7   Thumb Code    28  _chval.o(.text)
    __vfscanf_char                           0x080006d1   Thumb Code    20  scanf_char.o(.text)
    _sgetc                                   0x080006ed   Thumb Code    30  _sgetc.o(.text)
    _sbackspace                              0x0800070b   Thumb Code    34  _sgetc.o(.text)
    __I$use$fp                               0x0800072d   Thumb Code     0  iusefp.o(.text)
    _float_round                             0x0800072d   Thumb Code    18  fepilogue.o(.text)
    _float_epilogue                          0x0800073f   Thumb Code    92  fepilogue.o(.text)
    _double_round                            0x0800079b   Thumb Code    30  depilogue.o(.text)
    _double_epilogue                         0x080007b9   Thumb Code   156  depilogue.o(.text)
    __aeabi_dadd                             0x08000855   Thumb Code   322  dadd.o(.text)
    __aeabi_dsub                             0x08000997   Thumb Code     6  dadd.o(.text)
    __aeabi_drsub                            0x0800099d   Thumb Code     6  dadd.o(.text)
    __aeabi_ddiv                             0x080009a3   Thumb Code   222  ddiv.o(.text)
    __aeabi_d2ulz                            0x08000a81   Thumb Code    48  dfixul.o(.text)
    __aeabi_cdrcmple                         0x08000ab1   Thumb Code    48  cdrcmple.o(.text)
    __scatterload                            0x08000ae1   Thumb Code    28  init.o(.text)
    __scatterload_rt2                        0x08000ae1   Thumb Code     0  init.o(.text)
    __aeabi_lasr                             0x08000b05   Thumb Code    36  llsshr.o(.text)
    _ll_sshift_r                             0x08000b05   Thumb Code     0  llsshr.o(.text)
    isspace                                  0x08000b29   Thumb Code    10  isspace_c.o(.text)
    __vfscanf                                0x08000b35   Thumb Code   810  _scanf.o(.text)
    __ctype_lookup                           0x08000e65   Thumb Code    34  ctype_c.o(.text)
    __decompress                             0x08000e8d   Thumb Code     0  __dczerorl2.o(.text)
    __decompress1                            0x08000e8d   Thumb Code    86  __dczerorl2.o(.text)
    BusFault_Handler                         0x08000f77   Thumb Code     2  stm32f4xx_it.o(i.BusFault_Handler)
    DMA2_Stream0_IRQHandler                  0x08000f79   Thumb Code     6  stm32f4xx_it.o(i.DMA2_Stream0_IRQHandler)
    DebugMon_Handler                         0x08000f85   Thumb Code     2  stm32f4xx_it.o(i.DebugMon_Handler)
    Delay_100us                              0x08000f89   Thumb Code    82  delay10us.o(i.Delay_100us)
    Delay_100usInit                          0x08000fe1   Thumb Code    28  delay10us.o(i.Delay_100usInit)
    EXTI3_IRQHandler                         0x08001001   Thumb Code    88  stm32f4xx_it.o(i.EXTI3_IRQHandler)
    EXTI4_IRQHandler                         0x0800106d   Thumb Code    16  stm32f4xx_it.o(i.EXTI4_IRQHandler)
    Error_Handler                            0x08001081   Thumb Code     4  main.o(i.Error_Handler)
    HAL_ADC_ConfigChannel                    0x08001085   Thumb Code   416  stm32f4xx_hal_adc.o(i.HAL_ADC_ConfigChannel)
    HAL_ADC_ConvCpltCallback                 0x08001235   Thumb Code     2  main.o(i.HAL_ADC_ConvCpltCallback)
    HAL_ADC_ConvHalfCpltCallback             0x08001237   Thumb Code     2  stm32f4xx_hal_adc.o(i.HAL_ADC_ConvHalfCpltCallback)
    HAL_ADC_ErrorCallback                    0x08001239   Thumb Code     2  stm32f4xx_hal_adc.o(i.HAL_ADC_ErrorCallback)
    HAL_ADC_Init                             0x0800123d   Thumb Code   360  stm32f4xx_hal_adc.o(i.HAL_ADC_Init)
    HAL_ADC_MspInit                          0x080013b1   Thumb Code   182  stm32f4xx_hal_msp.o(i.HAL_ADC_MspInit)
    HAL_ADC_Start_DMA                        0x08001481   Thumb Code   364  stm32f4xx_hal_adc.o(i.HAL_ADC_Start_DMA)
    HAL_DMA_IRQHandler                       0x08001605   Thumb Code   470  stm32f4xx_hal_dma.o(i.HAL_DMA_IRQHandler)
    HAL_DMA_Init                             0x080017e1   Thumb Code   334  stm32f4xx_hal_dma.o(i.HAL_DMA_Init)
    HAL_DMA_Start_IT                         0x0800193d   Thumb Code   146  stm32f4xx_hal_dma.o(i.HAL_DMA_Start_IT)
    HAL_GPIO_Init                            0x080019d1   Thumb Code   444  stm32f4xx_hal_gpio.o(i.HAL_GPIO_Init)
    HAL_GetTick                              0x08001b9d   Thumb Code     6  stm32f4xx_hal.o(i.HAL_GetTick)
    HAL_IncTick                              0x08001ba9   Thumb Code    12  stm32f4xx_hal.o(i.HAL_IncTick)
    HAL_Init                                 0x08001bb9   Thumb Code    48  stm32f4xx_hal.o(i.HAL_Init)
    HAL_InitTick                             0x08001bed   Thumb Code   102  stm32f4xx_hal_timebase_tim.o(i.HAL_InitTick)
    HAL_MspInit                              0x08001c61   Thumb Code    50  stm32f4xx_hal_msp.o(i.HAL_MspInit)
    HAL_NVIC_EnableIRQ                       0x08001c9d   Thumb Code    30  stm32f4xx_hal_cortex.o(i.HAL_NVIC_EnableIRQ)
    HAL_NVIC_SetPriority                     0x08001cbd   Thumb Code    96  stm32f4xx_hal_cortex.o(i.HAL_NVIC_SetPriority)
    HAL_NVIC_SetPriorityGrouping             0x08001d21   Thumb Code    30  stm32f4xx_hal_cortex.o(i.HAL_NVIC_SetPriorityGrouping)
    HAL_RCC_GetClockConfig                   0x08001d45   Thumb Code    54  stm32f4xx_hal_rcc.o(i.HAL_RCC_GetClockConfig)
    HAL_RCC_GetPCLK1Freq                     0x08001d85   Thumb Code    20  stm32f4xx_hal_rcc.o(i.HAL_RCC_GetPCLK1Freq)
    HAL_TIMEx_BreakCallback                  0x08001da5   Thumb Code     2  stm32f4xx_hal_tim_ex.o(i.HAL_TIMEx_BreakCallback)
    HAL_TIMEx_CommutCallback                 0x08001da7   Thumb Code     2  stm32f4xx_hal_tim_ex.o(i.HAL_TIMEx_CommutCallback)
    HAL_TIM_Base_Init                        0x08001da9   Thumb Code    90  stm32f4xx_hal_tim.o(i.HAL_TIM_Base_Init)
    HAL_TIM_Base_MspInit                     0x08001e03   Thumb Code     2  stm32f4xx_hal_tim.o(i.HAL_TIM_Base_MspInit)
    HAL_TIM_Base_Start_IT                    0x08001e05   Thumb Code   108  stm32f4xx_hal_tim.o(i.HAL_TIM_Base_Start_IT)
    HAL_TIM_IC_CaptureCallback               0x08001e71   Thumb Code     2  stm32f4xx_hal_tim.o(i.HAL_TIM_IC_CaptureCallback)
    HAL_TIM_IRQHandler                       0x08001e73   Thumb Code   364  stm32f4xx_hal_tim.o(i.HAL_TIM_IRQHandler)
    HAL_TIM_OC_DelayElapsedCallback          0x08001fdf   Thumb Code     2  stm32f4xx_hal_tim.o(i.HAL_TIM_OC_DelayElapsedCallback)
    HAL_TIM_PWM_PulseFinishedCallback        0x08001fe1   Thumb Code     2  stm32f4xx_hal_tim.o(i.HAL_TIM_PWM_PulseFinishedCallback)
    HAL_TIM_PeriodElapsedCallback            0x08001fe3   Thumb Code    14  main.o(i.HAL_TIM_PeriodElapsedCallback)
    HAL_TIM_TriggerCallback                  0x08001ff1   Thumb Code     2  stm32f4xx_hal_tim.o(i.HAL_TIM_TriggerCallback)
    HardFault_Handler                        0x08001ff3   Thumb Code     2  stm32f4xx_it.o(i.HardFault_Handler)
    LL_EXTI_Init                             0x08001ff5   Thumb Code   202  stm32f4xx_ll_exti.o(i.LL_EXTI_Init)
    LL_GPIO_Init                             0x080020c9   Thumb Code   340  stm32f4xx_ll_gpio.o(i.LL_GPIO_Init)
    LL_I2C_Init                              0x0800221d   Thumb Code   260  stm32f4xx_ll_i2c.o(i.LL_I2C_Init)
    LL_RCC_GetSystemClocksFreq               0x08002329   Thumb Code   142  stm32f4xx_ll_rcc.o(i.LL_RCC_GetSystemClocksFreq)
    LL_SetSystemCoreClock                    0x080023d1   Thumb Code     6  stm32f4xx_ll_utils.o(i.LL_SetSystemCoreClock)
    LL_TIM_Init                              0x080023dd   Thumb Code   140  stm32f4xx_ll_tim.o(i.LL_TIM_Init)
    LL_USART_Init                            0x08002479   Thumb Code   274  stm32f4xx_ll_usart.o(i.LL_USART_Init)
    MemManage_Handler                        0x08002591   Thumb Code     2  stm32f4xx_it.o(i.MemManage_Handler)
    NMI_Handler                              0x08002593   Thumb Code     2  stm32f4xx_it.o(i.NMI_Handler)
    StartDefaultTask                         0x08002595   Thumb Code    24  main.o(i.StartDefaultTask)
    StartEEPROMTask                          0x080025b1   Thumb Code   284  main.o(i.StartEEPROMTask)
    StartInjectionTask                       0x0800270d   Thumb Code    88  main.o(i.StartInjectionTask)
    StartItnitionTask                        0x08002775   Thumb Code   196  main.o(i.StartItnitionTask)
    StartRHHTask                             0x08002851   Thumb Code   312  main.o(i.StartRHHTask)
    StartReadSensorsTask                     0x080029a9   Thumb Code   988  main.o(i.StartReadSensorsTask)
    StartUartTXtask                          0x08002df5   Thumb Code    66  main.o(i.StartUartTXtask)
    StartUsartTask                           0x08002e41   Thumb Code    76  main.o(i.StartUsartTask)
    StartuartParserTask                      0x08002e95   Thumb Code   892  main.o(i.StartuartParserTask)
    SysTick_Handler                          0x08003305   Thumb Code    26  cmsis_os2.o(i.SysTick_Handler)
    SystemClock_Config                       0x08003321   Thumb Code   200  main.o(i.SystemClock_Config)
    SystemInit                               0x08003409   Thumb Code    12  system_stm32f4xx.o(i.SystemInit)
    TIM1_TRG_COM_TIM11_IRQHandler            0x08003419   Thumb Code    64  main.o(i.TIM1_TRG_COM_TIM11_IRQHandler)
    TIM2_IRQHandler                          0x08003469   Thumb Code     6  stm32f4xx_it.o(i.TIM2_IRQHandler)
    TIM3_IRQHandler                          0x08003475   Thumb Code   112  delay10us.o(i.TIM3_IRQHandler)
    TIM_Base_SetConfig                       0x080034f5   Thumb Code   146  stm32f4xx_hal_tim.o(i.TIM_Base_SetConfig)
    USART1_IRQHandler                        0x08003599   Thumb Code    72  stm32f4xx_it.o(i.USART1_IRQHandler)
    UsageFault_Handler                       0x080035ed   Thumb Code     2  stm32f4xx_it.o(i.UsageFault_Handler)
    __0sprintf                               0x080035f1   Thumb Code    34  printfa.o(i.__0sprintf)
    __1sprintf                               0x080035f1   Thumb Code     0  printfa.o(i.__0sprintf)
    __2sprintf                               0x080035f1   Thumb Code     0  printfa.o(i.__0sprintf)
    __c89sprintf                             0x080035f1   Thumb Code     0  printfa.o(i.__0sprintf)
    sprintf                                  0x080035f1   Thumb Code     0  printfa.o(i.__0sprintf)
    __scatterload_copy                       0x08003619   Thumb Code    14  handlers.o(i.__scatterload_copy)
    __scatterload_null                       0x08003627   Thumb Code     2  handlers.o(i.__scatterload_null)
    __scatterload_zeroinit                   0x08003629   Thumb Code    14  handlers.o(i.__scatterload_zeroinit)
    main                                     0x08003ecd   Thumb Code  1660  main.o(i.main)
    osDelay                                  0x080045b9   Thumb Code    30  cmsis_os2.o(i.osDelay)
    osKernelInitialize                       0x080045d9   Thumb Code    36  cmsis_os2.o(i.osKernelInitialize)
    osKernelStart                            0x08004601   Thumb Code    50  cmsis_os2.o(i.osKernelStart)
    osMessageQueueNew                        0x0800463d   Thumb Code   106  cmsis_os2.o(i.osMessageQueueNew)
    osThreadNew                              0x080046a9   Thumb Code   156  cmsis_os2.o(i.osThreadNew)
    parseString                              0x08004745   Thumb Code   162  parser.o(i.parseString)
    pvPortMalloc                             0x08004e65   Thumb Code   190  heap_2.o(i.pvPortMalloc)
    pxPortInitialiseStack                    0x08004f31   Thumb Code    38  port.o(i.pxPortInitialiseStack)
    sendInfoToUart                           0x08004f5d   Thumb Code    78  main.o(i.sendInfoToUart)
    stepRHH                                  0x08004fb1   Thumb Code   130  rhhdriver.o(i.stepRHH)
    ulTaskNotifyTake                         0x08005041   Thumb Code    98  tasks.o(i.ulTaskNotifyTake)
    uxListRemove                             0x080050ad   Thumb Code    38  list.o(i.uxListRemove)
    vApplicationGetIdleTaskMemory            0x080050d5   Thumb Code    16  cmsis_os2.o(i.vApplicationGetIdleTaskMemory)
    vApplicationGetTimerTaskMemory           0x080050e9   Thumb Code    18  cmsis_os2.o(i.vApplicationGetTimerTaskMemory)
    vListInitialise                          0x08005101   Thumb Code    22  list.o(i.vListInitialise)
    vListInitialiseItem                      0x08005117   Thumb Code     6  list.o(i.vListInitialiseItem)
    vListInsert                              0x0800511d   Thumb Code    58  list.o(i.vListInsert)
    vListInsertEnd                           0x08005157   Thumb Code    24  list.o(i.vListInsertEnd)
    vPortEnterCritical                       0x08005171   Thumb Code    56  port.o(i.vPortEnterCritical)
    vPortExitCritical                        0x080051b1   Thumb Code    38  port.o(i.vPortExitCritical)
    vPortFree                                0x080051dd   Thumb Code    54  heap_2.o(i.vPortFree)
    vPortSetupTimerInterrupt                 0x0800521d   Thumb Code    32  port.o(i.vPortSetupTimerInterrupt)
    vPortValidateInterruptPriority           0x08005241   Thumb Code    74  port.o(i.vPortValidateInterruptPriority)
    vQueueAddToRegistry                      0x08005295   Thumb Code    34  queue.o(i.vQueueAddToRegistry)
    vQueueWaitForMessageRestricted           0x080052bd   Thumb Code    74  queue.o(i.vQueueWaitForMessageRestricted)
    vTaskDelay                               0x08005309   Thumb Code    66  tasks.o(i.vTaskDelay)
    vTaskInternalSetTimeOutState             0x08005355   Thumb Code    12  tasks.o(i.vTaskInternalSetTimeOutState)
    vTaskMissedYield                         0x08005365   Thumb Code     8  tasks.o(i.vTaskMissedYield)
    vTaskNotifyGiveFromISR                   0x08005371   Thumb Code   168  tasks.o(i.vTaskNotifyGiveFromISR)
    vTaskPlaceOnEventList                    0x08005425   Thumb Code    46  tasks.o(i.vTaskPlaceOnEventList)
    vTaskPlaceOnEventListRestricted          0x08005459   Thumb Code    54  tasks.o(i.vTaskPlaceOnEventListRestricted)
    vTaskStartScheduler                      0x08005495   Thumb Code   124  tasks.o(i.vTaskStartScheduler)
    vTaskSuspendAll                          0x08005521   Thumb Code    10  tasks.o(i.vTaskSuspendAll)
    vTaskSwitchContext                       0x08005531   Thumb Code    98  tasks.o(i.vTaskSwitchContext)
    xPortStartScheduler                      0x0800559d   Thumb Code   232  port.o(i.xPortStartScheduler)
    xPortSysTickHandler                      0x080056a1   Thumb Code    38  port.o(i.xPortSysTickHandler)
    xQueueGenericCreate                      0x080056cd   Thumb Code   142  queue.o(i.xQueueGenericCreate)
    xQueueGenericCreateStatic                0x0800575b   Thumb Code   184  queue.o(i.xQueueGenericCreateStatic)
    xQueueGenericReset                       0x08005815   Thumb Code   132  queue.o(i.xQueueGenericReset)
    xQueueGenericSend                        0x0800589d   Thumb Code   464  queue.o(i.xQueueGenericSend)
    xQueueGenericSendFromISR                 0x08005a71   Thumb Code   284  queue.o(i.xQueueGenericSendFromISR)
    xQueueReceive                            0x08005b8d   Thumb Code   340  queue.o(i.xQueueReceive)
    xTaskCheckForTimeOut                     0x08005ce5   Thumb Code   124  tasks.o(i.xTaskCheckForTimeOut)
    xTaskCreate                              0x08005d65   Thumb Code   194  tasks.o(i.xTaskCreate)
    xTaskCreateStatic                        0x08005e27   Thumb Code   222  tasks.o(i.xTaskCreateStatic)
    xTaskGenericNotify                       0x08005f05   Thumb Code   216  tasks.o(i.xTaskGenericNotify)
    xTaskGetCurrentTaskHandle                0x08005fe9   Thumb Code     6  tasks.o(i.xTaskGetCurrentTaskHandle)
    xTaskGetSchedulerState                   0x08005ff5   Thumb Code    24  tasks.o(i.xTaskGetSchedulerState)
    xTaskGetTickCount                        0x08006011   Thumb Code     6  tasks.o(i.xTaskGetTickCount)
    xTaskIncrementTick                       0x0800601d   Thumb Code   220  tasks.o(i.xTaskIncrementTick)
    xTaskPriorityDisinherit                  0x08006101   Thumb Code   122  tasks.o(i.xTaskPriorityDisinherit)
    xTaskRemoveFromEventList                 0x08006185   Thumb Code   104  tasks.o(i.xTaskRemoveFromEventList)
    xTaskResumeAll                           0x080061f9   Thumb Code   430  tasks.o(i.xTaskResumeAll)
    xTimerCreateTimerTask                    0x080063b5   Thumb Code   140  timers.o(i.xTimerCreateTimerTask)
    xTimerGenericCommand                     0x08006461   Thumb Code   116  timers.o(i.xTimerGenericCommand)
    defaultTask_attributes                   0x080064d8   Data          36  main.o(.constdata)
    ignitionTask_attributes                  0x080064fc   Data          36  main.o(.constdata)
    injectionTask_attributes                 0x08006520   Data          36  main.o(.constdata)
    readSensorsTask_attributes               0x08006544   Data          36  main.o(.constdata)
    usartTask_attributes                     0x08006568   Data          36  main.o(.constdata)
    RHHTask_attributes                       0x0800658c   Data          36  main.o(.constdata)
    EEPROMTask_attributes                    0x080065b0   Data          36  main.o(.constdata)
    uartParserTask_attributes                0x080065d4   Data          36  main.o(.constdata)
    uartTXtask_attributes                    0x080065f8   Data          36  main.o(.constdata)
    USART_ISR_QUEUE_attributes               0x0800661c   Data          24  main.o(.constdata)
    USART_TX_QUEUE_attributes                0x08006634   Data          24  main.o(.constdata)
    AHBPrescTable                            0x08006654   Data          16  system_stm32f4xx.o(.constdata)
    APBPrescTable                            0x08006664   Data           8  system_stm32f4xx.o(.constdata)
    __ctype_categories                       0x0800666c   Data          64  ctype_c.o(.constdata)
    Region$$Table$$Base                      0x08006744   Number         0  anon$$obj.o(Region$$Table)
    Region$$Table$$Limit                     0x08006764   Number         0  anon$$obj.o(Region$$Table)
    send_info_flag                           0x20000004   Data           1  main.o(.data)
    inj_flag                                 0x20000005   Data           1  main.o(.data)
    rhh_flag                                 0x20000006   Data           1  main.o(.data)
    air_flag                                 0x20000007   Data           1  main.o(.data)
    maf_is_connected                         0x20000008   Data           1  main.o(.data)
    injecting_time                           0x2000000a   Data           2  main.o(.data)
    ign_delay                                0x2000000c   Data           2  main.o(.data)
    turn_around_time                         0x20000010   Data           4  main.o(.data)
    rot_counter                              0x20000014   Data           4  main.o(.data)
    afr                                      0x20000018   Data           4  main.o(.data)
    ctemp                                    0x2000001c   Data           4  main.o(.data)
    consumption_per_hour                     0x20000020   Data           4  main.o(.data)
    air_per_cycle                            0x20000024   Data           4  main.o(.data)
    cur_cf                                   0x20000028   Data           4  main.o(.data)
    o2_volts                                 0x2000002c   Data           4  main.o(.data)
    maf_volts                                0x20000030   Data           4  main.o(.data)
    tps_volts                                0x20000034   Data           4  main.o(.data)
    clt_volts                                0x20000038   Data           4  main.o(.data)
    defaultTaskHandle                        0x20000044   Data           4  main.o(.data)
    ignitionTaskHandle                       0x20000048   Data           4  main.o(.data)
    injectionTaskHandle                      0x2000004c   Data           4  main.o(.data)
    readSensorsTaskHandle                    0x20000050   Data           4  main.o(.data)
    usartTaskHandle                          0x20000054   Data           4  main.o(.data)
    RHHTaskHandle                            0x20000058   Data           4  main.o(.data)
    EEPROMTaskHandle                         0x2000005c   Data           4  main.o(.data)
    uartParserTaskHandle                     0x20000060   Data           4  main.o(.data)
    uartTXtaskHandle                         0x20000064   Data           4  main.o(.data)
    USART_ISR_QUEUEHandle                    0x20000068   Data           4  main.o(.data)
    USART_TX_QUEUEHandle                     0x2000006c   Data           4  main.o(.data)
    cur_uoz                                  0x20000070   Data           4  main.o(.data)
    bobbin_on_delay                          0x20000074   Data           4  main.o(.data)
    ADC_Data                                 0x20000078   Data           8  main.o(.data)
    ignition_map                             0x20000080   Data          64  main.o(.data)
    tps_axis                                 0x200000c0   Data          16  main.o(.data)
    rpm_axis                                 0x200000d0   Data          32  main.o(.data)
    bcf                                      0x200000f0   Data        1024  main.o(.data)
    clt_map                                  0x200004f0   Data         176  main.o(.data)
    maf_map                                  0x200005a0   Data          88  main.o(.data)
    uwTickFreq                               0x200005f8   Data           1  stm32f4xx_hal.o(.data)
    uwTickPrio                               0x200005fc   Data           4  stm32f4xx_hal.o(.data)
    uwTick                                   0x20000600   Data           4  stm32f4xx_hal.o(.data)
    SystemCoreClock                          0x20000604   Data           4  system_stm32f4xx.o(.data)
    pxCurrentTCB                             0x20000608   Data           4  tasks.o(.data)
    hadc1                                    0x20000734   Data          72  main.o(.bss)
    raw_stringRX                             0x2000077c   Data          80  main.o(.bss)
    bufer_for_processingRX                   0x200007cc   Data          80  main.o(.bss)
    eng_param                                0x2000081c   Data          32  main.o(.bss)
    hdma_adc1                                0x2000083c   Data          96  main.o(.bss)
    htim2                                    0x2000089c   Data          72  stm32f4xx_hal_timebase_tim.o(.bss)
    xQueueRegistry                           0x200008e4   Data          64  queue.o(.bss)
    __initial_sp                             0x200055b8   Data           0  startup_stm32f401xc.o(STACK)



==============================================================================

Memory Map of the image

  Image Entry point : 0x08000195

  Load Region LR_IROM1 (Base: 0x08000000, Size: 0x00006de4, Max: 0x00040000, ABSOLUTE, COMPRESSED[0x00006ae8])

    Execution Region ER_IROM1 (Exec base: 0x08000000, Load base: 0x08000000, Size: 0x00006764, Max: 0x00040000, ABSOLUTE)

    Exec Addr    Load Addr    Size         Type   Attr      Idx    E Section Name        Object

    0x08000000   0x08000000   0x00000194   Data   RO            3    RESET               startup_stm32f401xc.o
    0x08000194   0x08000194   0x00000000   Code   RO         5298  * .ARM.Collect$$$$00000000  mc_w.l(entry.o)
    0x08000194   0x08000194   0x00000004   Code   RO         5588    .ARM.Collect$$$$00000001  mc_w.l(entry2.o)
    0x08000198   0x08000198   0x00000004   Code   RO         5591    .ARM.Collect$$$$00000004  mc_w.l(entry5.o)
    0x0800019c   0x0800019c   0x00000000   Code   RO         5593    .ARM.Collect$$$$00000008  mc_w.l(entry7b.o)
    0x0800019c   0x0800019c   0x00000000   Code   RO         5595    .ARM.Collect$$$$0000000A  mc_w.l(entry8b.o)
    0x0800019c   0x0800019c   0x00000008   Code   RO         5596    .ARM.Collect$$$$0000000B  mc_w.l(entry9a.o)
    0x080001a4   0x080001a4   0x00000004   Code   RO         5603    .ARM.Collect$$$$0000000E  mc_w.l(entry12b.o)
    0x080001a8   0x080001a8   0x00000000   Code   RO         5598    .ARM.Collect$$$$0000000F  mc_w.l(entry10a.o)
    0x080001a8   0x080001a8   0x00000000   Code   RO         5600    .ARM.Collect$$$$00000011  mc_w.l(entry11a.o)
    0x080001a8   0x080001a8   0x00000004   Code   RO         5589    .ARM.Collect$$$$00002712  mc_w.l(entry2.o)
    0x080001ac   0x080001ac   0x000000be   Code   RO         5221    .emb_text           port.o
    0x0800026a   0x0800026a   0x00000002   PAD
    0x0800026c   0x0800026c   0x00000024   Code   RO            4    .text               startup_stm32f401xc.o
    0x08000290   0x08000290   0x00000062   Code   RO         5301    .text               mc_w.l(uldiv.o)
    0x080002f2   0x080002f2   0x00000024   Code   RO         5303    .text               mc_w.l(memcpya.o)
    0x08000316   0x08000316   0x00000024   Code   RO         5307    .text               mc_w.l(memseta.o)
    0x0800033a   0x0800033a   0x0000000e   Code   RO         5309    .text               mc_w.l(strlen.o)
    0x08000348   0x08000348   0x00000012   Code   RO         5311    .text               mc_w.l(strcpy.o)
    0x0800035a   0x0800035a   0x00000002   PAD
    0x0800035c   0x0800035c   0x00000038   Code   RO         5576    .text               mc_w.l(__0sscanf.o)
    0x08000394   0x08000394   0x0000014c   Code   RO         5578    .text               mc_w.l(_scanf_int.o)
    0x080004e0   0x080004e0   0x000000e4   Code   RO         5580    .text               mf_w.l(dmul.o)
    0x080005c4   0x080005c4   0x0000001a   Code   RO         5582    .text               mf_w.l(dfltui.o)
    0x080005de   0x080005de   0x00000026   Code   RO         5584    .text               mf_w.l(f2d.o)
    0x08000604   0x08000604   0x00000038   Code   RO         5586    .text               mf_w.l(d2f.o)
    0x0800063c   0x0800063c   0x0000002c   Code   RO         5607    .text               mc_w.l(uidiv.o)
    0x08000668   0x08000668   0x0000001e   Code   RO         5609    .text               mc_w.l(llshl.o)
    0x08000686   0x08000686   0x00000020   Code   RO         5611    .text               mc_w.l(llushr.o)
    0x080006a6   0x080006a6   0x0000001c   Code   RO         5613    .text               mc_w.l(_chval.o)
    0x080006c2   0x080006c2   0x00000002   PAD
    0x080006c4   0x080006c4   0x00000028   Code   RO         5615    .text               mc_w.l(scanf_char.o)
    0x080006ec   0x080006ec   0x00000040   Code   RO         5617    .text               mc_w.l(_sgetc.o)
    0x0800072c   0x0800072c   0x00000000   Code   RO         5619    .text               mc_w.l(iusefp.o)
    0x0800072c   0x0800072c   0x0000006e   Code   RO         5620    .text               mf_w.l(fepilogue.o)
    0x0800079a   0x0800079a   0x000000ba   Code   RO         5622    .text               mf_w.l(depilogue.o)
    0x08000854   0x08000854   0x0000014e   Code   RO         5624    .text               mf_w.l(dadd.o)
    0x080009a2   0x080009a2   0x000000de   Code   RO         5626    .text               mf_w.l(ddiv.o)
    0x08000a80   0x08000a80   0x00000030   Code   RO         5628    .text               mf_w.l(dfixul.o)
    0x08000ab0   0x08000ab0   0x00000030   Code   RO         5630    .text               mf_w.l(cdrcmple.o)
    0x08000ae0   0x08000ae0   0x00000024   Code   RO         5632    .text               mc_w.l(init.o)
    0x08000b04   0x08000b04   0x00000024   Code   RO         5635    .text               mc_w.l(llsshr.o)
    0x08000b28   0x08000b28   0x0000000a   Code   RO         5637    .text               mc_w.l(isspace_c.o)
    0x08000b32   0x08000b32   0x00000002   PAD
    0x08000b34   0x08000b34   0x00000330   Code   RO         5639    .text               mc_w.l(_scanf.o)
    0x08000e64   0x08000e64   0x00000028   Code   RO         5642    .text               mc_w.l(ctype_c.o)
    0x08000e8c   0x08000e8c   0x00000056   Code   RO         5653    .text               mc_w.l(__dczerorl2.o)
    0x08000ee2   0x08000ee2   0x00000074   Code   RO          824    i.ADC_DMAConvCplt   stm32f4xx_hal_adc.o
    0x08000f56   0x08000f56   0x00000016   Code   RO          825    i.ADC_DMAError      stm32f4xx_hal_adc.o
    0x08000f6c   0x08000f6c   0x0000000a   Code   RO          826    i.ADC_DMAHalfConvCplt  stm32f4xx_hal_adc.o
    0x08000f76   0x08000f76   0x00000002   Code   RO          612    i.BusFault_Handler  stm32f4xx_it.o
    0x08000f78   0x08000f78   0x0000000c   Code   RO          613    i.DMA2_Stream0_IRQHandler  stm32f4xx_it.o
    0x08000f84   0x08000f84   0x00000002   Code   RO          614    i.DebugMon_Handler  stm32f4xx_it.o
    0x08000f86   0x08000f86   0x00000002   PAD
    0x08000f88   0x08000f88   0x00000058   Code   RO           13    i.Delay_100us       delay10us.o
    0x08000fe0   0x08000fe0   0x00000020   Code   RO           14    i.Delay_100usInit   delay10us.o
    0x08001000   0x08001000   0x0000006c   Code   RO          615    i.EXTI3_IRQHandler  stm32f4xx_it.o
    0x0800106c   0x0800106c   0x00000014   Code   RO          616    i.EXTI4_IRQHandler  stm32f4xx_it.o
    0x08001080   0x08001080   0x00000004   Code   RO          320    i.Error_Handler     main.o
    0x08001084   0x08001084   0x000001b0   Code   RO          828    i.HAL_ADC_ConfigChannel  stm32f4xx_hal_adc.o
    0x08001234   0x08001234   0x00000002   Code   RO          323    i.HAL_ADC_ConvCpltCallback  main.o
    0x08001236   0x08001236   0x00000002   Code   RO          830    i.HAL_ADC_ConvHalfCpltCallback  stm32f4xx_hal_adc.o
    0x08001238   0x08001238   0x00000002   Code   RO          832    i.HAL_ADC_ErrorCallback  stm32f4xx_hal_adc.o
    0x0800123a   0x0800123a   0x00000002   PAD
    0x0800123c   0x0800123c   0x00000174   Code   RO          837    i.HAL_ADC_Init      stm32f4xx_hal_adc.o
    0x080013b0   0x080013b0   0x000000d0   Code   RO          707    i.HAL_ADC_MspInit   stm32f4xx_hal_msp.o
    0x08001480   0x08001480   0x00000184   Code   RO          844    i.HAL_ADC_Start_DMA  stm32f4xx_hal_adc.o
    0x08001604   0x08001604   0x000001dc   Code   RO         1822    i.HAL_DMA_IRQHandler  stm32f4xx_hal_dma.o
    0x080017e0   0x080017e0   0x0000015c   Code   RO         1823    i.HAL_DMA_Init      stm32f4xx_hal_dma.o
    0x0800193c   0x0800193c   0x00000092   Code   RO         1827    i.HAL_DMA_Start_IT  stm32f4xx_hal_dma.o
    0x080019ce   0x080019ce   0x00000002   PAD
    0x080019d0   0x080019d0   0x000001cc   Code   RO         1718    i.HAL_GPIO_Init     stm32f4xx_hal_gpio.o
    0x08001b9c   0x08001b9c   0x0000000c   Code   RO         2249    i.HAL_GetTick       stm32f4xx_hal.o
    0x08001ba8   0x08001ba8   0x00000010   Code   RO         2255    i.HAL_IncTick       stm32f4xx_hal.o
    0x08001bb8   0x08001bb8   0x00000034   Code   RO         2256    i.HAL_Init          stm32f4xx_hal.o
    0x08001bec   0x08001bec   0x00000074   Code   RO          743    i.HAL_InitTick      stm32f4xx_hal_timebase_tim.o
    0x08001c60   0x08001c60   0x0000003c   Code   RO          708    i.HAL_MspInit       stm32f4xx_hal_msp.o
    0x08001c9c   0x08001c9c   0x0000001e   Code   RO         2111    i.HAL_NVIC_EnableIRQ  stm32f4xx_hal_cortex.o
    0x08001cba   0x08001cba   0x00000002   PAD
    0x08001cbc   0x08001cbc   0x00000064   Code   RO         2117    i.HAL_NVIC_SetPriority  stm32f4xx_hal_cortex.o
    0x08001d20   0x08001d20   0x00000024   Code   RO         2118    i.HAL_NVIC_SetPriorityGrouping  stm32f4xx_hal_cortex.o
    0x08001d44   0x08001d44   0x00000040   Code   RO         1371    i.HAL_RCC_GetClockConfig  stm32f4xx_hal_rcc.o
    0x08001d84   0x08001d84   0x00000020   Code   RO         1374    i.HAL_RCC_GetPCLK1Freq  stm32f4xx_hal_rcc.o
    0x08001da4   0x08001da4   0x00000002   Code   RO         3246    i.HAL_TIMEx_BreakCallback  stm32f4xx_hal_tim_ex.o
    0x08001da6   0x08001da6   0x00000002   Code   RO         3247    i.HAL_TIMEx_CommutCallback  stm32f4xx_hal_tim_ex.o
    0x08001da8   0x08001da8   0x0000005a   Code   RO         2579    i.HAL_TIM_Base_Init  stm32f4xx_hal_tim.o
    0x08001e02   0x08001e02   0x00000002   Code   RO         2581    i.HAL_TIM_Base_MspInit  stm32f4xx_hal_tim.o
    0x08001e04   0x08001e04   0x0000006c   Code   RO         2584    i.HAL_TIM_Base_Start_IT  stm32f4xx_hal_tim.o
    0x08001e70   0x08001e70   0x00000002   Code   RO         2613    i.HAL_TIM_IC_CaptureCallback  stm32f4xx_hal_tim.o
    0x08001e72   0x08001e72   0x0000016c   Code   RO         2627    i.HAL_TIM_IRQHandler  stm32f4xx_hal_tim.o
    0x08001fde   0x08001fde   0x00000002   Code   RO         2630    i.HAL_TIM_OC_DelayElapsedCallback  stm32f4xx_hal_tim.o
    0x08001fe0   0x08001fe0   0x00000002   Code   RO         2657    i.HAL_TIM_PWM_PulseFinishedCallback  stm32f4xx_hal_tim.o
    0x08001fe2   0x08001fe2   0x0000000e   Code   RO          324    i.HAL_TIM_PeriodElapsedCallback  main.o
    0x08001ff0   0x08001ff0   0x00000002   Code   RO         2670    i.HAL_TIM_TriggerCallback  stm32f4xx_hal_tim.o
    0x08001ff2   0x08001ff2   0x00000002   Code   RO          617    i.HardFault_Handler  stm32f4xx_it.o
    0x08001ff4   0x08001ff4   0x000000d4   Code   RO         1328    i.LL_EXTI_Init      stm32f4xx_ll_exti.o
    0x080020c8   0x080020c8   0x00000154   Code   RO          783    i.LL_GPIO_Init      stm32f4xx_ll_gpio.o
    0x0800221c   0x0800221c   0x0000010c   Code   RO         2495    i.LL_I2C_Init       stm32f4xx_ll_i2c.o
    0x08002328   0x08002328   0x000000a8   Code   RO         1181    i.LL_RCC_GetSystemClocksFreq  stm32f4xx_ll_rcc.o
    0x080023d0   0x080023d0   0x0000000c   Code   RO         1269    i.LL_SetSystemCoreClock  stm32f4xx_ll_utils.o
    0x080023dc   0x080023dc   0x0000009c   Code   RO         3517    i.LL_TIM_Init       stm32f4xx_ll_tim.o
    0x08002478   0x08002478   0x00000118   Code   RO         3613    i.LL_USART_Init     stm32f4xx_ll_usart.o
    0x08002590   0x08002590   0x00000002   Code   RO          618    i.MemManage_Handler  stm32f4xx_it.o
    0x08002592   0x08002592   0x00000002   Code   RO          619    i.NMI_Handler       stm32f4xx_it.o
    0x08002594   0x08002594   0x0000001c   Code   RO          328    i.StartDefaultTask  main.o
    0x080025b0   0x080025b0   0x0000015c   Code   RO          329    i.StartEEPROMTask   main.o
    0x0800270c   0x0800270c   0x00000068   Code   RO          330    i.StartInjectionTask  main.o
    0x08002774   0x08002774   0x000000dc   Code   RO          331    i.StartItnitionTask  main.o
    0x08002850   0x08002850   0x00000154   Code   RO          332    i.StartRHHTask      main.o
    0x080029a4   0x080029a4   0x00000004   PAD
    0x080029a8   0x080029a8   0x0000044c   Code   RO          333    i.StartReadSensorsTask  main.o
    0x08002df4   0x08002df4   0x0000004c   Code   RO          334    i.StartUartTXtask   main.o
    0x08002e40   0x08002e40   0x00000054   Code   RO          335    i.StartUsartTask    main.o
    0x08002e94   0x08002e94   0x00000470   Code   RO          336    i.StartuartParserTask  main.o
    0x08003304   0x08003304   0x0000001a   Code   RO         4696    i.SysTick_Handler   cmsis_os2.o
    0x0800331e   0x0800331e   0x00000002   PAD
    0x08003320   0x08003320   0x000000e8   Code   RO          337    i.SystemClock_Config  main.o
    0x08003408   0x08003408   0x00000010   Code   RO         3662    i.SystemInit        system_stm32f4xx.o
    0x08003418   0x08003418   0x00000050   Code   RO          338    i.TIM1_TRG_COM_TIM11_IRQHandler  main.o
    0x08003468   0x08003468   0x0000000c   Code   RO          620    i.TIM2_IRQHandler   stm32f4xx_it.o
    0x08003474   0x08003474   0x00000080   Code   RO           15    i.TIM3_IRQHandler   delay10us.o
    0x080034f4   0x080034f4   0x000000a4   Code   RO         2672    i.TIM_Base_SetConfig  stm32f4xx_hal_tim.o
    0x08003598   0x08003598   0x00000054   Code   RO          621    i.USART1_IRQHandler  stm32f4xx_it.o
    0x080035ec   0x080035ec   0x00000002   Code   RO          622    i.UsageFault_Handler  stm32f4xx_it.o
    0x080035ee   0x080035ee   0x00000002   PAD
    0x080035f0   0x080035f0   0x00000028   Code   RO         5550    i.__0sprintf        mc_w.l(printfa.o)
    0x08003618   0x08003618   0x0000000e   Code   RO         5647    i.__scatterload_copy  mc_w.l(handlers.o)
    0x08003626   0x08003626   0x00000002   Code   RO         5648    i.__scatterload_null  mc_w.l(handlers.o)
    0x08003628   0x08003628   0x0000000e   Code   RO         5649    i.__scatterload_zeroinit  mc_w.l(handlers.o)
    0x08003636   0x08003636   0x00000002   PAD
    0x08003638   0x08003638   0x00000184   Code   RO         5555    i._fp_digits        mc_w.l(printfa.o)
    0x080037bc   0x080037bc   0x000006b4   Code   RO         5556    i._printf_core      mc_w.l(printfa.o)
    0x08003e70   0x08003e70   0x00000024   Code   RO         5557    i._printf_post_padding  mc_w.l(printfa.o)
    0x08003e94   0x08003e94   0x0000002e   Code   RO         5558    i._printf_pre_padding  mc_w.l(printfa.o)
    0x08003ec2   0x08003ec2   0x0000000a   Code   RO         5560    i._sputc            mc_w.l(printfa.o)
    0x08003ecc   0x08003ecc   0x000006ec   Code   RO          340    i.main              main.o
    0x080045b8   0x080045b8   0x0000001e   Code   RO         4698    i.osDelay           cmsis_os2.o
    0x080045d6   0x080045d6   0x00000002   PAD
    0x080045d8   0x080045d8   0x00000028   Code   RO         4712    i.osKernelInitialize  cmsis_os2.o
    0x08004600   0x08004600   0x0000003c   Code   RO         4715    i.osKernelStart     cmsis_os2.o
    0x0800463c   0x0800463c   0x0000006a   Code   RO         4732    i.osMessageQueueNew  cmsis_os2.o
    0x080046a6   0x080046a6   0x00000002   PAD
    0x080046a8   0x080046a8   0x0000009c   Code   RO         4757    i.osThreadNew       cmsis_os2.o
    0x08004744   0x08004744   0x000000e4   Code   RO          287    i.parseString       parser.o
    0x08004828   0x08004828   0x00000060   Code   RO         4212    i.prvAddCurrentTaskToDelayedList  tasks.o
    0x08004888   0x08004888   0x000000e8   Code   RO         4213    i.prvAddNewTaskToReadyList  tasks.o
    0x08004970   0x08004970   0x0000008c   Code   RO         4214    i.prvIdleTask       tasks.o
    0x080049fc   0x080049fc   0x000000d0   Code   RO         4558    i.prvSampleTimeNow  timers.o
    0x08004acc   0x08004acc   0x0000002c   Code   RO         5222    i.prvTaskExitError  port.o
    0x08004af8   0x08004af8   0x00000300   Code   RO         4559    i.prvTimerTask      timers.o
    0x08004df8   0x08004df8   0x0000006c   Code   RO         3861    i.prvUnlockQueue    queue.o
    0x08004e64   0x08004e64   0x000000cc   Code   RO         5188    i.pvPortMalloc      heap_2.o
    0x08004f30   0x08004f30   0x0000002c   Code   RO         5223    i.pxPortInitialiseStack  port.o
    0x08004f5c   0x08004f5c   0x00000054   Code   RO          341    i.sendInfoToUart    main.o
    0x08004fb0   0x08004fb0   0x00000090   Code   RO          255    i.stepRHH           rhhdriver.o
    0x08005040   0x08005040   0x0000006c   Code   RO         4218    i.ulTaskNotifyTake  tasks.o
    0x080050ac   0x080050ac   0x00000026   Code   RO         3821    i.uxListRemove      list.o
    0x080050d2   0x080050d2   0x00000002   PAD
    0x080050d4   0x080050d4   0x00000014   Code   RO         4769    i.vApplicationGetIdleTaskMemory  cmsis_os2.o
    0x080050e8   0x080050e8   0x00000018   Code   RO         4770    i.vApplicationGetTimerTaskMemory  cmsis_os2.o
    0x08005100   0x08005100   0x00000016   Code   RO         3822    i.vListInitialise   list.o
    0x08005116   0x08005116   0x00000006   Code   RO         3823    i.vListInitialiseItem  list.o
    0x0800511c   0x0800511c   0x0000003a   Code   RO         3824    i.vListInsert       list.o
    0x08005156   0x08005156   0x00000018   Code   RO         3825    i.vListInsertEnd    list.o
    0x0800516e   0x0800516e   0x00000002   PAD
    0x08005170   0x08005170   0x00000040   Code   RO         5225    i.vPortEnterCritical  port.o
    0x080051b0   0x080051b0   0x0000002c   Code   RO         5226    i.vPortExitCritical  port.o
    0x080051dc   0x080051dc   0x00000040   Code   RO         5189    i.vPortFree         heap_2.o
    0x0800521c   0x0800521c   0x00000024   Code   RO         5227    i.vPortSetupTimerInterrupt  port.o
    0x08005240   0x08005240   0x00000054   Code   RO         5228    i.vPortValidateInterruptPriority  port.o
    0x08005294   0x08005294   0x00000028   Code   RO         3867    i.vQueueAddToRegistry  queue.o
    0x080052bc   0x080052bc   0x0000004a   Code   RO         3871    i.vQueueWaitForMessageRestricted  queue.o
    0x08005306   0x08005306   0x00000002   PAD
    0x08005308   0x08005308   0x0000004c   Code   RO         4227    i.vTaskDelay        tasks.o
    0x08005354   0x08005354   0x00000010   Code   RO         4232    i.vTaskInternalSetTimeOutState  tasks.o
    0x08005364   0x08005364   0x0000000c   Code   RO         4233    i.vTaskMissedYield  tasks.o
    0x08005370   0x08005370   0x000000b4   Code   RO         4234    i.vTaskNotifyGiveFromISR  tasks.o
    0x08005424   0x08005424   0x00000034   Code   RO         4235    i.vTaskPlaceOnEventList  tasks.o
    0x08005458   0x08005458   0x0000003c   Code   RO         4236    i.vTaskPlaceOnEventListRestricted  tasks.o
    0x08005494   0x08005494   0x0000008c   Code   RO         4244    i.vTaskStartScheduler  tasks.o
    0x08005520   0x08005520   0x00000010   Code   RO         4246    i.vTaskSuspendAll   tasks.o
    0x08005530   0x08005530   0x0000006c   Code   RO         4247    i.vTaskSwitchContext  tasks.o
    0x0800559c   0x0800559c   0x00000104   Code   RO         5229    i.xPortStartScheduler  port.o
    0x080056a0   0x080056a0   0x0000002c   Code   RO         5230    i.xPortSysTickHandler  port.o
    0x080056cc   0x080056cc   0x0000008e   Code   RO         3876    i.xQueueGenericCreate  queue.o
    0x0800575a   0x0800575a   0x000000b8   Code   RO         3877    i.xQueueGenericCreateStatic  queue.o
    0x08005812   0x08005812   0x00000002   PAD
    0x08005814   0x08005814   0x00000088   Code   RO         3878    i.xQueueGenericReset  queue.o
    0x0800589c   0x0800589c   0x000001d4   Code   RO         3879    i.xQueueGenericSend  queue.o
    0x08005a70   0x08005a70   0x0000011c   Code   RO         3880    i.xQueueGenericSendFromISR  queue.o
    0x08005b8c   0x08005b8c   0x00000158   Code   RO         3889    i.xQueueReceive     queue.o
    0x08005ce4   0x08005ce4   0x00000080   Code   RO         4249    i.xTaskCheckForTimeOut  tasks.o
    0x08005d64   0x08005d64   0x000000c2   Code   RO         4250    i.xTaskCreate       tasks.o
    0x08005e26   0x08005e26   0x000000de   Code   RO         4251    i.xTaskCreateStatic  tasks.o
    0x08005f04   0x08005f04   0x000000e4   Code   RO         4252    i.xTaskGenericNotify  tasks.o
    0x08005fe8   0x08005fe8   0x0000000c   Code   RO         4254    i.xTaskGetCurrentTaskHandle  tasks.o
    0x08005ff4   0x08005ff4   0x0000001c   Code   RO         4256    i.xTaskGetSchedulerState  tasks.o
    0x08006010   0x08006010   0x0000000c   Code   RO         4257    i.xTaskGetTickCount  tasks.o
    0x0800601c   0x0800601c   0x000000e4   Code   RO         4259    i.xTaskIncrementTick  tasks.o
    0x08006100   0x08006100   0x00000084   Code   RO         4262    i.xTaskPriorityDisinherit  tasks.o
    0x08006184   0x08006184   0x00000074   Code   RO         4264    i.xTaskRemoveFromEventList  tasks.o
    0x080061f8   0x080061f8   0x000001bc   Code   RO         4265    i.xTaskResumeAll    tasks.o
    0x080063b4   0x080063b4   0x000000ac   Code   RO         4568    i.xTimerCreateTimerTask  timers.o
    0x08006460   0x08006460   0x00000078   Code   RO         4569    i.xTimerGenericCommand  timers.o
    0x080064d8   0x080064d8   0x00000174   Data   RO          345    .constdata          main.o
    0x0800664c   0x0800664c   0x00000008   Data   RO         1829    .constdata          stm32f4xx_hal_dma.o
    0x08006654   0x08006654   0x00000010   Data   RO         3663    .constdata          system_stm32f4xx.o
    0x08006664   0x08006664   0x00000008   Data   RO         3664    .constdata          system_stm32f4xx.o
    0x0800666c   0x0800666c   0x00000040   Data   RO         5643    .constdata          mc_w.l(ctype_c.o)
    0x080066ac   0x080066ac   0x00000097   Data   RO          346    .conststring        main.o
    0x08006743   0x08006743   0x00000001   PAD
    0x08006744   0x08006744   0x00000020   Data   RO         5645    Region$$Table       anon$$obj.o


    Execution Region RW_IRAM1 (Exec base: 0x20000000, Load base: 0x08006764, Size: 0x000055b8, Max: 0x00010000, ABSOLUTE, COMPRESSED[0x00000384])

    Exec Addr    Load Addr    Size         Type   Attr      Idx    E Section Name        Object

    0x20000000   COMPRESSED   0x00000004   Data   RW           21    .data               delay10us.o
    0x20000004   COMPRESSED   0x000005f4   Data   RW          347    .data               main.o
    0x200005f8   COMPRESSED   0x0000000c   Data   RW         2263    .data               stm32f4xx_hal.o
    0x20000604   COMPRESSED   0x00000004   Data   RW         3665    .data               system_stm32f4xx.o
    0x20000608   COMPRESSED   0x0000003c   Data   RW         4268    .data               tasks.o
    0x20000644   COMPRESSED   0x00000014   Data   RW         4577    .data               timers.o
    0x20000658   COMPRESSED   0x00000004   Data   RW         4772    .data               cmsis_os2.o
    0x2000065c   COMPRESSED   0x00000018   Data   RW         5193    .data               heap_2.o
    0x20000674   COMPRESSED   0x0000000c   Data   RW         5231    .data               port.o
    0x20000680        -       0x000000a0   Zero   RW           20    .bss                delay10us.o
    0x20000720        -       0x00000014   Zero   RW          288    .bss                parser.o
    0x20000734        -       0x00000108   Zero   RW          343    .bss                main.o
    0x2000083c        -       0x00000060   Zero   RW          344    .bss                main.o
    0x2000089c        -       0x00000048   Zero   RW          746    .bss                stm32f4xx_hal_timebase_tim.o
    0x200008e4        -       0x00000040   Zero   RW         3893    .bss                queue.o
    0x20000924        -       0x000004c4   Zero   RW         4267    .bss                tasks.o
    0x20000de8        -       0x00000118   Zero   RW         4576    .bss                timers.o
    0x20000f00        -       0x000006b8   Zero   RW         4771    .bss                cmsis_os2.o
    0x200015b8        -       0x00003c00   Zero   RW         5192    .bss                heap_2.o
    0x200051b8        -       0x00000400   Zero   RW            1    STACK               startup_stm32f401xc.o


==============================================================================

Image component sizes


      Code (inc. data)   RO Data    RW Data    ZI Data      Debug   Object Name

       462         24          0          4       1720      60783   cmsis_os2.o
       248         26          0          4        160     464258   delay10us.o
         0          0          0          0          0      18444   event_groups.o
       268         24          0         24      15360       3491   heap_2.o
       148          0          0          0          0       3570   list.o
      5624        766        523       1524        360     148467   main.o
       228         72          0          0         20       1758   parser.o
       810         90          0         12          0      11513   port.o
      1780         18          0          0         64      17596   queue.o
       144         14          0          0          0       6516   rhhdriver.o
        36          8        404          0       1024        836   startup_stm32f401xc.o
        80         14          0         12          0       7934   stm32f4xx_hal.o
      1344         52          0          0          0       6986   stm32f4xx_hal_adc.o
       166         10          0          0          0      32706   stm32f4xx_hal_cortex.o
       970         20          8          0          0       4351   stm32f4xx_hal_dma.o
       460         16          0          0          0       1436   stm32f4xx_hal_gpio.o
       268         36          0          0          0       1772   stm32f4xx_hal_msp.o
        96         22          0          0          0       1918   stm32f4xx_hal_rcc.o
       736         18          0          0          0       8024   stm32f4xx_hal_tim.o
         4          0          0          0          0       1597   stm32f4xx_hal_tim_ex.o
       116         14          0          0         72       1371   stm32f4xx_hal_timebase_tim.o
       248         48          0          0          0       8411   stm32f4xx_it.o
       212         10          0          0          0       5203   stm32f4xx_ll_exti.o
       340          0          0          0          0       7227   stm32f4xx_ll_gpio.o
       268          8          0          0          0      12470   stm32f4xx_ll_i2c.o
       168         26          0          0          0      25316   stm32f4xx_ll_rcc.o
       156         16          0          0          0      31042   stm32f4xx_ll_tim.o
       280          6          0          0          0      15852   stm32f4xx_ll_usart.o
        12          6          0          0          0       7991   stm32f4xx_ll_utils.o
        16          4         24          4          0       1127   system_stm32f4xx.o
      2980        224          0         60       1220      31274   tasks.o
      1268         60          0         20        280      29303   timers.o

    ----------------------------------------------------------------------
     19966       1656        992       1664      20280     980543   Object Totals
         0          0         32          0          0          0   (incl. Generated)
        30          4          1          0          0          0   (incl. Padding)

    ----------------------------------------------------------------------

      Code (inc. data)   RO Data    RW Data    ZI Data      Debug   Library Member Name

        56          8          0          0          0         84   __0sscanf.o
        86          0          0          0          0          0   __dczerorl2.o
        28          0          0          0          0         68   _chval.o
       816          6          0          0          0        112   _scanf.o
       332          0          0          0          0         96   _scanf_int.o
        64          0          0          0          0         84   _sgetc.o
        40          6         64          0          0         68   ctype_c.o
         0          0          0          0          0          0   entry.o
         0          0          0          0          0          0   entry10a.o
         0          0          0          0          0          0   entry11a.o
         4          0          0          0          0          0   entry12b.o
         8          4          0          0          0          0   entry2.o
         4          0          0          0          0          0   entry5.o
         0          0          0          0          0          0   entry7b.o
         0          0          0          0          0          0   entry8b.o
         8          4          0          0          0          0   entry9a.o
        30          0          0          0          0          0   handlers.o
        36          8          0          0          0         68   init.o
        10          0          0          0          0         68   isspace_c.o
         0          0          0          0          0          0   iusefp.o
        30          0          0          0          0         68   llshl.o
        36          0          0          0          0         68   llsshr.o
        32          0          0          0          0         68   llushr.o
        36          0          0          0          0         68   memcpya.o
        36          0          0          0          0        108   memseta.o
      2236         86          0          0          0        532   printfa.o
        40          8          0          0          0         84   scanf_char.o
        18          0          0          0          0         68   strcpy.o
        14          0          0          0          0         68   strlen.o
        44          0          0          0          0         80   uidiv.o
        98          0          0          0          0         92   uldiv.o
        48          0          0          0          0         68   cdrcmple.o
        56          0          0          0          0         88   d2f.o
       334          0          0          0          0        148   dadd.o
       222          0          0          0          0        100   ddiv.o
       186          0          0          0          0        176   depilogue.o
        48          0          0          0          0         68   dfixul.o
        26          0          0          0          0         76   dfltui.o
       228          0          0          0          0         96   dmul.o
        38          0          0          0          0         68   f2d.o
       110          0          0          0          0        168   fepilogue.o

    ----------------------------------------------------------------------
      5446        130         64          0          0       3008   Library Totals
         8          0          0          0          0          0   (incl. Padding)

    ----------------------------------------------------------------------

      Code (inc. data)   RO Data    RW Data    ZI Data      Debug   Library Name

      4142        130         64          0          0       1952   mc_w.l
      1296          0          0          0          0       1056   mf_w.l

    ----------------------------------------------------------------------
      5446        130         64          0          0       3008   Library Totals

    ----------------------------------------------------------------------

==============================================================================


      Code (inc. data)   RO Data    RW Data    ZI Data      Debug   

     25412       1786       1056       1664      20280     969423   Grand Totals
     25412       1786       1056        900      20280     969423   ELF Image Totals (compressed)
     25412       1786       1056        900          0          0   ROM Totals

==============================================================================

    Total RO  Size (Code + RO Data)                26468 (  25.85kB)
    Total RW  Size (RW Data + ZI Data)             21944 (  21.43kB)
    Total ROM Size (Code + RO Data + RW Data)      27368 (  26.73kB)

==============================================================================

