<html>
<body>
<pre>
<h1>µVision Build Log</h1>
<h2>Tool Versions:</h2>
IDE-Version: µVision V5.34.0.0
Copyright (C) 2021 ARM Ltd and ARM Germany GmbH. All rights reserved.
License Information: andy andy, none, LIC=----
 
Tool Versions:
Toolchain:       MDK-Lite  Version: 5.34.0.0
Toolchain Path:  C:\Keil_v5\ARM\ARMCC\Bin
C Compiler:      Armcc.exe V5.06 update 7 (build 960)
Assembler:       Armasm.exe V5.06 update 7 (build 960)
Linker/Locator:  ArmLink.exe V5.06 update 7 (build 960)
Library Manager: ArmAr.exe V5.06 update 7 (build 960)
Hex Converter:   FromElf.exe V5.06 update 7 (build 960)
CPU DLL:         SARMCM3.DLL V5.34.0.0
Dialog DLL:      DCM.DLL V1.17.3.0
Target DLL:      STLink\ST-LINKIII-KEIL_SWO.dll V3.0.8.0
Dialog DLL:      TCM.DLL V1.48.0.0
 
<h2>Project:</h2>
C:\Users\andy\Desktop\ARM-ecu2\ARM-ecu\MDK-ARM\ARM-ecu.uvprojx
Project File Date:  06/04/2022

<h2>Output:</h2>
*** Using Compiler 'V5.06 update 7 (build 960)', folder: 'C:\Keil_v5\ARM\ARMCC\Bin'
Build target 'ARM-ecu'
assembling startup_stm32f401xc.s...
compiling RHHDriver.c...
../Core/Inc/RHHDriver.h(15): warning:  #1295-D: Deprecated declaration getCurrentState - give arg types
  struct state getCurrentState();
..\Core\Src\RHHDriver.c: 1 warning, 0 errors
compiling stm32f4xx_hal_timebase_tim.c...
compiling stm32f4xx_ll_gpio.c...
compiling stm32f4xx_hal_adc_ex.c...
compiling stm32f4xx_ll_adc.c...
compiling stm32f4xx_hal_adc.c...
compiling delay10us.c...
compiling freertos.c...
compiling stm32f4xx_hal_msp.c...
compiling stm32f4xx_it.c...
compiling stm32f4xx_ll_exti.c...
compiling stm32f4xx_ll_rcc.c...
compiling stm32f4xx_hal_rcc_ex.c...
compiling stm32f4xx_hal_rcc.c...
compiling stm32f4xx_hal_flash.c...
compiling main.c...
../Core/Inc/RHHDriver.h(15): warning:  #1295-D: Deprecated declaration getCurrentState - give arg types
  struct state getCurrentState();
../Core/Src/main.c: 1 warning, 0 errors
compiling stm32f4xx_ll_utils.c...
compiling stm32f4xx_hal_flash_ramfunc.c...
compiling stm32f4xx_hal_flash_ex.c...
compiling stm32f4xx_hal_gpio.c...
compiling stm32f4xx_hal_pwr_ex.c...
compiling stm32f4xx_hal_pwr.c...
compiling stm32f4xx_hal_dma.c...
compiling stm32f4xx_hal_dma_ex.c...
compiling stm32f4xx_hal.c...
compiling stm32f4xx_hal_cortex.c...
compiling croutine.c...
compiling stm32f4xx_hal_exti.c...
compiling list.c...
compiling event_groups.c...
compiling stm32f4xx_ll_i2c.c...
compiling stream_buffer.c...
compiling timers.c...
compiling queue.c...
compiling heap_2.c...
compiling port.c...
compiling tasks.c...
compiling stm32f4xx_ll_dma.c...
compiling system_stm32f4xx.c...
compiling stm32f4xx_hal_tim_ex.c...
compiling stm32f4xx_ll_tim.c...
compiling stm32f4xx_ll_usart.c...
compiling stm32f4xx_hal_tim.c...
compiling cmsis_os2.c...
linking...
Program Size: Code=24780 RO-data=1056 RW-data=584 ZI-data=20280  
FromELF: creating hex file...
"ARM-ecu\ARM-ecu.axf" - 0 Error(s), 2 Warning(s).

<h2>Software Packages used:</h2>

Package Vendor: ARM
                http://www.keil.com/pack/ARM.CMSIS.5.8.0.pack
                ARM.CMSIS.5.8.0
                CMSIS (Common Microcontroller Software Interface Standard)
   * Component: CORE Version: 5.5.0

Package Vendor: Keil
                http://www.keil.com/pack/Keil.STM32F4xx_DFP.2.15.0.pack
                Keil.STM32F4xx_DFP.2.15.0
                STMicroelectronics STM32F4 Series Device Support, Drivers and Examples

<h2>Collection of Component include folders:</h2>
  .\RTE\_ARM-ecu
  C:\Users\andy\AppData\Local\Arm\Packs\ARM\CMSIS\5.8.0\CMSIS\Core\Include
  C:\Users\andy\AppData\Local\Arm\Packs\Keil\STM32F4xx_DFP\2.15.0\Drivers\CMSIS\Device\ST\STM32F4xx\Include

<h2>Collection of Component Files used:</h2>

   * Component: ARM::CMSIS:CORE:5.5.0
      Include file:  CMSIS\Core\Include\tz_context.h
Build Time Elapsed:  00:00:05
</pre>
</body>
</html>
